
> backend@1.0.0 dev
> ts-node --transpile-only src/index.ts

[dotenv@17.3.1] injecting env (0) from .env -- tip: 🤖 agentic secret storage: https://dotenvx.com/as2
🚀 API Superior V2 corriendo en http://localhost:3001
🤖 Bot de Telegram activo.
✅ Conexión a Base de Datos de Producción estable.
[2026-03-06T22:55:49.263Z] OPTIONS /api/dependencies
[2026-03-06T22:55:49.271Z] GET /api/dependencies
[2026-03-06T22:55:49.292Z] OPTIONS /api/dependencies
[2026-03-06T22:55:49.293Z] GET /api/dependencies
[2026-03-06T22:55:51.028Z] OPTIONS /api/entities?periodo=2026
[2026-03-06T22:55:51.029Z] GET /api/entities?periodo=2026
[2026-03-06T22:55:51.104Z] GET /api/entities?periodo=2026
[2026-03-06T22:55:51.118Z] OPTIONS /api/entries/2?periodo=2026
[2026-03-06T22:55:51.119Z] OPTIONS /api/entries/7?periodo=2026
[2026-03-06T22:55:51.120Z] OPTIONS /api/entries/3?periodo=2026
[2026-03-06T22:55:51.121Z] OPTIONS /api/entries/8?periodo=2026
[2026-03-06T22:55:51.122Z] OPTIONS /api/entries/9?periodo=2026
[2026-03-06T22:55:51.122Z] OPTIONS /api/entries/4?periodo=2026
[2026-03-06T22:55:51.123Z] OPTIONS /api/entries/10?periodo=2026
[2026-03-06T22:55:51.124Z] OPTIONS /api/entries/11?periodo=2026
[2026-03-06T22:55:51.124Z] OPTIONS /api/entries/12?periodo=2026
[2026-03-06T22:55:51.126Z] OPTIONS /api/entries/5?periodo=2026
[2026-03-06T22:55:51.126Z] OPTIONS /api/entries/13?periodo=2026
[2026-03-06T22:55:51.126Z] GET /api/entries/2?periodo=2026
[2026-03-06T22:55:51.128Z] OPTIONS /api/entries/6?periodo=2026
[2026-03-06T22:55:51.128Z] OPTIONS /api/entries/15?periodo=2026
[2026-03-06T22:55:51.128Z] OPTIONS /api/entries/14?periodo=2026
[2026-03-06T22:55:51.128Z] GET /api/entries/7?periodo=2026
[2026-03-06T22:55:51.129Z] OPTIONS /api/entries/17?periodo=2026
[2026-03-06T22:55:51.129Z] GET /api/entries/3?periodo=2026
[2026-03-06T22:55:51.130Z] OPTIONS /api/entries/16?periodo=2026
[2026-03-06T22:55:51.130Z] OPTIONS /api/entries/18?periodo=2026
[2026-03-06T22:55:51.131Z] GET /api/entries/8?periodo=2026
[2026-03-06T22:55:51.134Z] GET /api/entries/9?periodo=2026
[2026-03-06T22:55:51.183Z] GET /api/entries/4?periodo=2026
[2026-03-06T22:55:51.187Z] GET /api/entries/10?periodo=2026
[2026-03-06T22:55:51.188Z] OPTIONS /api/entries/19?periodo=2026
[2026-03-06T22:55:51.188Z] GET /api/entries/11?periodo=2026
[2026-03-06T22:55:51.189Z] OPTIONS /api/entries/21?periodo=2026
[2026-03-06T22:55:51.189Z] OPTIONS /api/entries/22?periodo=2026
[2026-03-06T22:55:51.189Z] GET /api/entries/12?periodo=2026
[2026-03-06T22:55:51.190Z] GET /api/entries/13?periodo=2026
[2026-03-06T22:55:51.191Z] GET /api/entries/5?periodo=2026
[2026-03-06T22:55:51.191Z] OPTIONS /api/entries/23?periodo=2026
[2026-03-06T22:55:51.192Z] OPTIONS /api/entries/24?periodo=2026
[2026-03-06T22:55:51.192Z] OPTIONS /api/entries/25?periodo=2026
[2026-03-06T22:55:51.192Z] GET /api/entries/6?periodo=2026
[2026-03-06T22:55:51.192Z] GET /api/entries/14?periodo=2026
[2026-03-06T22:55:51.193Z] GET /api/entries/17?periodo=2026
[2026-03-06T22:55:51.193Z] GET /api/entries/15?periodo=2026
[2026-03-06T22:55:51.194Z] OPTIONS /api/entries/26?periodo=2026
[2026-03-06T22:55:51.194Z] GET /api/entries/16?periodo=2026
[2026-03-06T22:55:51.194Z] OPTIONS /api/entries/28?periodo=2026
[2026-03-06T22:55:51.194Z] GET /api/entries/18?periodo=2026
[2026-03-06T22:55:51.195Z] OPTIONS /api/entries/29?periodo=2026
[2026-03-06T22:55:51.195Z] OPTIONS /api/entries/30?periodo=2026
[2026-03-06T22:55:51.195Z] OPTIONS /api/entries/31?periodo=2026
[2026-03-06T22:55:51.195Z] OPTIONS /api/entries/32?periodo=2026
[2026-03-06T22:55:51.195Z] OPTIONS /api/entries/34?periodo=2026
[2026-03-06T22:55:51.195Z] OPTIONS /api/entries/35?periodo=2026
[2026-03-06T22:55:51.195Z] OPTIONS /api/entries/33?periodo=2026
[2026-03-06T22:55:51.195Z] OPTIONS /api/entries/37?periodo=2026
[2026-03-06T22:55:51.195Z] OPTIONS /api/entries/39?periodo=2026
[2026-03-06T22:55:51.195Z] OPTIONS /api/entries/36?periodo=2026
[2026-03-06T22:55:51.195Z] OPTIONS /api/entries/41?periodo=2026
[2026-03-06T22:55:51.196Z] OPTIONS /api/entries/42?periodo=2026
[2026-03-06T22:55:51.196Z] OPTIONS /api/entries/40?periodo=2026
[2026-03-06T22:55:51.197Z] OPTIONS /api/entries/45?periodo=2026
[2026-03-06T22:55:51.197Z] OPTIONS /api/entries/46?periodo=2026
[2026-03-06T22:55:51.197Z] OPTIONS /api/entries/43?periodo=2026
[2026-03-06T22:55:51.197Z] OPTIONS /api/entries/47?periodo=2026
[2026-03-06T22:55:51.197Z] OPTIONS /api/entries/49?periodo=2026
[2026-03-06T22:55:51.197Z] OPTIONS /api/entries/50?periodo=2026
[2026-03-06T22:55:51.197Z] OPTIONS /api/entries/51?periodo=2026
[2026-03-06T22:55:51.197Z] OPTIONS /api/entries/48?periodo=2026
[2026-03-06T22:55:51.197Z] OPTIONS /api/entries/53?periodo=2026
[2026-03-06T22:55:51.197Z] OPTIONS /api/entries/54?periodo=2026
[2026-03-06T22:55:51.197Z] OPTIONS /api/entries/56?periodo=2026
[2026-03-06T22:55:51.198Z] OPTIONS /api/entries/57?periodo=2026
[2026-03-06T22:55:51.198Z] OPTIONS /api/entries/52?periodo=2026
[2026-03-06T22:55:51.198Z] OPTIONS /api/entries/59?periodo=2026
[2026-03-06T22:55:51.198Z] OPTIONS /api/entries/60?periodo=2026
[2026-03-06T22:55:51.198Z] OPTIONS /api/entries/58?periodo=2026
[2026-03-06T22:55:51.198Z] OPTIONS /api/entries/65?periodo=2026
[2026-03-06T22:55:51.198Z] OPTIONS /api/entries/66?periodo=2026
[2026-03-06T22:55:51.198Z] OPTIONS /api/entries/61?periodo=2026
[2026-03-06T22:55:51.198Z] OPTIONS /api/entries/62?periodo=2026
[2026-03-06T22:55:51.198Z] OPTIONS /api/entries/63?periodo=2026
[2026-03-06T22:55:51.199Z] OPTIONS /api/entries/69?periodo=2026
[2026-03-06T22:55:51.199Z] OPTIONS /api/entries/70?periodo=2026
[2026-03-06T22:55:51.199Z] OPTIONS /api/entries/71?periodo=2026
[2026-03-06T22:55:51.199Z] OPTIONS /api/entries/72?periodo=2026
[2026-03-06T22:55:51.199Z] OPTIONS /api/entries/67?periodo=2026
[2026-03-06T22:55:51.200Z] OPTIONS /api/entries/74?periodo=2026
[2026-03-06T22:55:51.200Z] OPTIONS /api/entries/75?periodo=2026
[2026-03-06T22:55:51.200Z] OPTIONS /api/entries/76?periodo=2026
[2026-03-06T22:55:51.200Z] OPTIONS /api/entries/77?periodo=2026
[2026-03-06T22:55:51.201Z] OPTIONS /api/entries/78?periodo=2026
[2026-03-06T22:55:51.201Z] OPTIONS /api/entries/73?periodo=2026
[2026-03-06T22:55:51.201Z] OPTIONS /api/entries/79?periodo=2026
[2026-03-06T22:55:51.201Z] OPTIONS /api/entries/81?periodo=2026
[2026-03-06T22:55:51.201Z] OPTIONS /api/entries/82?periodo=2026
[2026-03-06T22:55:51.201Z] OPTIONS /api/entries/83?periodo=2026
[2026-03-06T22:55:51.201Z] OPTIONS /api/entries/84?periodo=2026
[2026-03-06T22:55:51.201Z] OPTIONS /api/entries/86?periodo=2026
[2026-03-06T22:55:51.201Z] OPTIONS /api/entries/87?periodo=2026
[2026-03-06T22:55:51.201Z] OPTIONS /api/entries/89?periodo=2026
[2026-03-06T22:55:51.201Z] OPTIONS /api/entries/91?periodo=2026
[2026-03-06T22:55:51.201Z] OPTIONS /api/entries/85?periodo=2026
[2026-03-06T22:55:51.201Z] OPTIONS /api/entries/93?periodo=2026
[2026-03-06T22:55:51.202Z] OPTIONS /api/entries/95?periodo=2026
[2026-03-06T22:55:51.202Z] OPTIONS /api/entries/96?periodo=2026
[2026-03-06T22:55:51.202Z] OPTIONS /api/entries/97?periodo=2026
[2026-03-06T22:55:51.202Z] OPTIONS /api/entries/92?periodo=2026
[2026-03-06T22:55:51.202Z] OPTIONS /api/entries/99?periodo=2026
[2026-03-06T22:55:51.202Z] OPTIONS /api/entries/100?periodo=2026
[2026-03-06T22:55:51.202Z] OPTIONS /api/entries/101?periodo=2026
[2026-03-06T22:55:51.202Z] OPTIONS /api/entries/98?periodo=2026
[2026-03-06T22:55:51.202Z] OPTIONS /api/entries/104?periodo=2026
[2026-03-06T22:55:51.202Z] OPTIONS /api/entries/107?periodo=2026
[2026-03-06T22:55:51.202Z] OPTIONS /api/entries/108?periodo=2026
[2026-03-06T22:55:51.202Z] OPTIONS /api/entries/102?periodo=2026
[2026-03-06T22:55:51.202Z] OPTIONS /api/entries/103?periodo=2026
[2026-03-06T22:55:51.203Z] OPTIONS /api/entries/111?periodo=2026
[2026-03-06T22:55:51.203Z] OPTIONS /api/entries/112?periodo=2026
[2026-03-06T22:55:51.203Z] OPTIONS /api/entries/113?periodo=2026
[2026-03-06T22:55:51.203Z] OPTIONS /api/entries/114?periodo=2026
[2026-03-06T22:55:51.203Z] OPTIONS /api/entries/110?periodo=2026
[2026-03-06T22:55:51.203Z] OPTIONS /api/entries/116?periodo=2026
[2026-03-06T22:55:51.203Z] OPTIONS /api/entries/117?periodo=2026
[2026-03-06T22:55:51.203Z] OPTIONS /api/entries/118?periodo=2026
[2026-03-06T22:55:51.203Z] OPTIONS /api/entries/119?periodo=2026
[2026-03-06T22:55:51.203Z] OPTIONS /api/entries/115?periodo=2026
[2026-03-06T22:55:51.203Z] OPTIONS /api/entries/121?periodo=2026
[2026-03-06T22:55:51.203Z] OPTIONS /api/entries/122?periodo=2026
[2026-03-06T22:55:51.203Z] OPTIONS /api/entries/123?periodo=2026
[2026-03-06T22:55:51.204Z] OPTIONS /api/entries/124?periodo=2026
[2026-03-06T22:55:51.204Z] OPTIONS /api/entries/120?periodo=2026
[2026-03-06T22:55:51.204Z] OPTIONS /api/entries/125?periodo=2026
[2026-03-06T22:55:51.204Z] OPTIONS /api/entries/126?periodo=2026
[2026-03-06T22:55:51.205Z] OPTIONS /api/entries/127?periodo=2026
[2026-03-06T22:55:51.205Z] OPTIONS /api/entries/128?periodo=2026
[2026-03-06T22:55:51.205Z] OPTIONS /api/entries/129?periodo=2026
[2026-03-06T22:55:51.205Z] OPTIONS /api/entries/130?periodo=2026
[2026-03-06T22:55:51.206Z] OPTIONS /api/entries/131?periodo=2026
[2026-03-06T22:55:51.206Z] OPTIONS /api/entries/132?periodo=2026
[2026-03-06T22:55:51.208Z] OPTIONS /api/entries/133?periodo=2026
[2026-03-06T22:55:51.209Z] OPTIONS /api/entries/134?periodo=2026
[2026-03-06T22:55:51.209Z] OPTIONS /api/entries/135?periodo=2026
[2026-03-06T22:55:51.209Z] OPTIONS /api/entries/136?periodo=2026
[2026-03-06T22:55:51.212Z] OPTIONS /api/entries/137?periodo=2026
[2026-03-06T22:55:51.212Z] OPTIONS /api/entries/138?periodo=2026
[2026-03-06T22:55:51.212Z] OPTIONS /api/entries/139?periodo=2026
[2026-03-06T22:55:51.213Z] OPTIONS /api/entries/140?periodo=2026
[2026-03-06T22:55:51.214Z] OPTIONS /api/entries/141?periodo=2026
[2026-03-06T22:55:51.214Z] OPTIONS /api/entries/142?periodo=2026
[2026-03-06T22:55:51.214Z] OPTIONS /api/entries/143?periodo=2026
[2026-03-06T22:55:51.214Z] OPTIONS /api/entries/144?periodo=2026
[2026-03-06T22:55:51.216Z] OPTIONS /api/entries/145?periodo=2026
[2026-03-06T22:55:51.216Z] OPTIONS /api/entries/146?periodo=2026
[2026-03-06T22:55:51.217Z] OPTIONS /api/entries/147?periodo=2026
[2026-03-06T22:55:51.218Z] OPTIONS /api/entries/148?periodo=2026
[2026-03-06T22:55:51.218Z] OPTIONS /api/entries/149?periodo=2026
[2026-03-06T22:55:51.219Z] OPTIONS /api/entries/150?periodo=2026
[2026-03-06T22:55:51.219Z] OPTIONS /api/entries/151?periodo=2026
[2026-03-06T22:55:51.219Z] OPTIONS /api/entries/152?periodo=2026
[2026-03-06T22:55:51.219Z] OPTIONS /api/entries/153?periodo=2026
[2026-03-06T22:55:51.220Z] OPTIONS /api/entries/154?periodo=2026
[2026-03-06T22:55:51.220Z] OPTIONS /api/entries/155?periodo=2026
[2026-03-06T22:55:51.221Z] OPTIONS /api/entries/156?periodo=2026
[2026-03-06T22:55:51.222Z] OPTIONS /api/entries/158?periodo=2026
[2026-03-06T22:55:51.222Z] OPTIONS /api/entries/159?periodo=2026
[2026-03-06T22:55:51.222Z] OPTIONS /api/entries/160?periodo=2026
[2026-03-06T22:55:51.224Z] OPTIONS /api/entries/161?periodo=2026
[2026-03-06T22:55:51.224Z] OPTIONS /api/entries/162?periodo=2026
[2026-03-06T22:55:51.224Z] OPTIONS /api/entries/163?periodo=2026
[2026-03-06T22:55:51.225Z] OPTIONS /api/entries/164?periodo=2026
[2026-03-06T22:55:51.225Z] OPTIONS /api/entries/166?periodo=2026
[2026-03-06T22:55:51.225Z] OPTIONS /api/entries/167?periodo=2026
[2026-03-06T22:55:51.225Z] OPTIONS /api/entries/168?periodo=2026
[2026-03-06T22:55:51.226Z] OPTIONS /api/entries/169?periodo=2026
[2026-03-06T22:55:51.226Z] OPTIONS /api/entries/170?periodo=2026
[2026-03-06T22:55:51.226Z] OPTIONS /api/entries/171?periodo=2026
[2026-03-06T22:55:51.227Z] OPTIONS /api/entries/172?periodo=2026
[2026-03-06T22:55:51.227Z] OPTIONS /api/entries/173?periodo=2026
[2026-03-06T22:55:51.227Z] OPTIONS /api/entries/175?periodo=2026
[2026-03-06T22:55:51.227Z] OPTIONS /api/entries/174?periodo=2026
[2026-03-06T22:55:51.227Z] OPTIONS /api/entries/176?periodo=2026
[2026-03-06T22:55:51.227Z] OPTIONS /api/entries/177?periodo=2026
[2026-03-06T22:55:51.228Z] OPTIONS /api/entries/178?periodo=2026
[2026-03-06T22:55:51.228Z] OPTIONS /api/entries/179?periodo=2026
[2026-03-06T22:55:51.228Z] OPTIONS /api/entries/182?periodo=2026
[2026-03-06T22:55:51.228Z] OPTIONS /api/entries/180?periodo=2026
[2026-03-06T22:55:51.228Z] OPTIONS /api/entries/181?periodo=2026
[2026-03-06T22:55:51.228Z] OPTIONS /api/entries/183?periodo=2026
[2026-03-06T22:55:51.228Z] OPTIONS /api/entries/184?periodo=2026
[2026-03-06T22:55:51.228Z] OPTIONS /api/entries/186?periodo=2026
[2026-03-06T22:55:51.228Z] GET /api/entries/19?periodo=2026
[2026-03-06T22:55:51.229Z] OPTIONS /api/entries/187?periodo=2026
[2026-03-06T22:55:51.229Z] OPTIONS /api/entries/188?periodo=2026
[2026-03-06T22:55:51.229Z] OPTIONS /api/entries/185?periodo=2026
[2026-03-06T22:55:51.229Z] OPTIONS /api/entries/190?periodo=2026
[2026-03-06T22:55:51.229Z] OPTIONS /api/entries/191?periodo=2026
[2026-03-06T22:55:51.230Z] OPTIONS /api/entries/192?periodo=2026
[2026-03-06T22:55:51.230Z] OPTIONS /api/entries/189?periodo=2026
[2026-03-06T22:55:51.230Z] GET /api/entries/22?periodo=2026
[2026-03-06T22:55:51.230Z] OPTIONS /api/entries/193?periodo=2026
[2026-03-06T22:55:51.231Z] OPTIONS /api/entries/194?periodo=2026
[2026-03-06T22:55:51.231Z] GET /api/entries/21?periodo=2026
[2026-03-06T22:55:51.233Z] OPTIONS /api/entries/196?periodo=2026
[2026-03-06T22:55:51.233Z] OPTIONS /api/entries/197?periodo=2026
[2026-03-06T22:55:51.233Z] OPTIONS /api/entries/195?periodo=2026
[2026-03-06T22:55:51.234Z] OPTIONS /api/entries/198?periodo=2026
[2026-03-06T22:55:51.234Z] OPTIONS /api/entries/199?periodo=2026
[2026-03-06T22:55:51.234Z] OPTIONS /api/entries/200?periodo=2026
[2026-03-06T22:55:51.234Z] GET /api/entries/23?periodo=2026
[2026-03-06T22:55:51.235Z] OPTIONS /api/entries/201?periodo=2026
[2026-03-06T22:55:51.235Z] OPTIONS /api/entries/202?periodo=2026
[2026-03-06T22:55:51.235Z] OPTIONS /api/entries/203?periodo=2026
[2026-03-06T22:55:51.235Z] GET /api/entries/24?periodo=2026
[2026-03-06T22:55:51.236Z] GET /api/entries/25?periodo=2026
[2026-03-06T22:55:51.236Z] OPTIONS /api/entries/204?periodo=2026
[2026-03-06T22:55:51.236Z] OPTIONS /api/entries/205?periodo=2026
[2026-03-06T22:55:51.236Z] OPTIONS /api/entries/206?periodo=2026
[2026-03-06T22:55:51.236Z] OPTIONS /api/entries/207?periodo=2026
[2026-03-06T22:55:51.236Z] OPTIONS /api/entries/208?periodo=2026
[2026-03-06T22:55:51.236Z] OPTIONS /api/entries/209?periodo=2026
[2026-03-06T22:55:51.236Z] OPTIONS /api/entries/210?periodo=2026
[2026-03-06T22:55:51.236Z] OPTIONS /api/entries/211?periodo=2026
[2026-03-06T22:55:51.237Z] OPTIONS /api/entries/212?periodo=2026
[2026-03-06T22:55:51.237Z] OPTIONS /api/entries/213?periodo=2026
[2026-03-06T22:55:51.237Z] OPTIONS /api/entries/214?periodo=2026
[2026-03-06T22:55:51.237Z] OPTIONS /api/entries/215?periodo=2026
[2026-03-06T22:55:51.237Z] OPTIONS /api/entries/216?periodo=2026
[2026-03-06T22:55:51.237Z] GET /api/entries/26?periodo=2026
[2026-03-06T22:55:51.238Z] OPTIONS /api/entries/217?periodo=2026
[2026-03-06T22:55:51.238Z] OPTIONS /api/entries/220?periodo=2026
[2026-03-06T22:55:51.238Z] OPTIONS /api/entries/218?periodo=2026
[2026-03-06T22:55:51.238Z] OPTIONS /api/entries/219?periodo=2026
[2026-03-06T22:55:51.238Z] GET /api/entries/28?periodo=2026
[2026-03-06T22:55:51.238Z] OPTIONS /api/entries/222?periodo=2026
[2026-03-06T22:55:51.238Z] GET /api/entries/29?periodo=2026
[2026-03-06T22:55:51.239Z] OPTIONS /api/entries/223?periodo=2026
[2026-03-06T22:55:51.239Z] OPTIONS /api/entries/221?periodo=2026
[2026-03-06T22:55:51.239Z] GET /api/entries/30?periodo=2026
[2026-03-06T22:55:51.239Z] GET /api/entries/31?periodo=2026
[2026-03-06T22:55:51.240Z] GET /api/entries/32?periodo=2026
[2026-03-06T22:55:51.240Z] OPTIONS /api/entries/224?periodo=2026
[2026-03-06T22:55:51.241Z] GET /api/entries/34?periodo=2026
[2026-03-06T22:55:51.242Z] GET /api/entries/37?periodo=2026
[2026-03-06T22:55:51.242Z] GET /api/entries/35?periodo=2026
[2026-03-06T22:55:51.243Z] GET /api/entries/33?periodo=2026
[2026-03-06T22:55:51.243Z] GET /api/entries/39?periodo=2026
[2026-03-06T22:55:51.244Z] OPTIONS /api/entries/225?periodo=2026
[2026-03-06T22:55:51.244Z] GET /api/entries/36?periodo=2026
[2026-03-06T22:55:51.245Z] GET /api/entries/41?periodo=2026
[2026-03-06T22:55:51.245Z] OPTIONS /api/entries/226?periodo=2026
[2026-03-06T22:55:51.245Z] GET /api/entries/42?periodo=2026
[2026-03-06T22:55:51.245Z] OPTIONS /api/entries/228?periodo=2026
[2026-03-06T22:55:51.246Z] OPTIONS /api/entries/229?periodo=2026
[2026-03-06T22:55:51.246Z] OPTIONS /api/entries/230?periodo=2026
[2026-03-06T22:55:51.246Z] OPTIONS /api/entries/233?periodo=2026
[2026-03-06T22:55:51.246Z] OPTIONS /api/entries/234?periodo=2026
[2026-03-06T22:55:51.246Z] GET /api/entries/40?periodo=2026
[2026-03-06T22:55:51.246Z] GET /api/entries/46?periodo=2026
[2026-03-06T22:55:51.246Z] GET /api/entries/45?periodo=2026
[2026-03-06T22:55:51.247Z] OPTIONS /api/entries/235?periodo=2026
[2026-03-06T22:55:51.248Z] GET /api/entries/43?periodo=2026
[2026-03-06T22:55:51.249Z] OPTIONS /api/entries/236?periodo=2026
[2026-03-06T22:55:51.249Z] GET /api/entries/47?periodo=2026
[2026-03-06T22:55:51.250Z] GET /api/entries/51?periodo=2026
[2026-03-06T22:55:51.250Z] GET /api/entries/49?periodo=2026
[2026-03-06T22:55:51.251Z] OPTIONS /api/entries/237?periodo=2026
[2026-03-06T22:55:51.251Z] GET /api/entries/50?periodo=2026
[2026-03-06T22:55:51.251Z] OPTIONS /api/entries/238?periodo=2026
[2026-03-06T22:55:51.251Z] GET /api/entries/48?periodo=2026
[2026-03-06T22:55:51.252Z] GET /api/entries/53?periodo=2026
[2026-03-06T22:55:51.252Z] OPTIONS /api/entries/239?periodo=2026
[2026-03-06T22:55:51.253Z] GET /api/entries/54?periodo=2026
[2026-03-06T22:55:51.253Z] GET /api/entries/56?periodo=2026
[2026-03-06T22:55:51.253Z] OPTIONS /api/entries/240?periodo=2026
[2026-03-06T22:55:51.253Z] GET /api/entries/52?periodo=2026
[2026-03-06T22:55:51.254Z] GET /api/entries/57?periodo=2026
[2026-03-06T22:55:51.254Z] GET /api/entries/59?periodo=2026
[2026-03-06T22:55:51.255Z] GET /api/entries/60?periodo=2026
[2026-03-06T22:55:51.255Z] GET /api/entries/58?periodo=2026
[2026-03-06T22:55:51.256Z] GET /api/entries/65?periodo=2026
[2026-03-06T22:55:51.256Z] GET /api/entries/66?periodo=2026
[2026-03-06T22:55:51.258Z] GET /api/entries/61?periodo=2026
[2026-03-06T22:55:51.259Z] GET /api/entries/62?periodo=2026
[2026-03-06T22:55:51.260Z] GET /api/entries/63?periodo=2026
[2026-03-06T22:55:51.261Z] GET /api/entries/69?periodo=2026
[2026-03-06T22:55:51.261Z] OPTIONS /api/entries/242?periodo=2026
[2026-03-06T22:55:51.261Z] OPTIONS /api/entries/243?periodo=2026
[2026-03-06T22:55:51.262Z] GET /api/entries/70?periodo=2026
[2026-03-06T22:55:51.262Z] OPTIONS /api/entries/244?periodo=2026
[2026-03-06T22:55:51.262Z] GET /api/entries/71?periodo=2026
[2026-03-06T22:55:51.262Z] OPTIONS /api/entries/245?periodo=2026
[2026-03-06T22:55:51.262Z] GET /api/entries/67?periodo=2026
[2026-03-06T22:55:51.263Z] GET /api/entries/72?periodo=2026
[2026-03-06T22:55:51.265Z] OPTIONS /api/entries/246?periodo=2026
[2026-03-06T22:55:51.265Z] OPTIONS /api/entries/247?periodo=2026
[2026-03-06T22:55:51.266Z] GET /api/entries/74?periodo=2026
[2026-03-06T22:55:51.267Z] OPTIONS /api/entries/248?periodo=2026
[2026-03-06T22:55:51.268Z] OPTIONS /api/entries/249?periodo=2026
[2026-03-06T22:55:51.268Z] GET /api/entries/75?periodo=2026
[2026-03-06T22:55:51.268Z] GET /api/entries/76?periodo=2026
[2026-03-06T22:55:51.269Z] GET /api/entries/77?periodo=2026
[2026-03-06T22:55:51.269Z] OPTIONS /api/entries/250?periodo=2026
[2026-03-06T22:55:51.269Z] GET /api/entries/78?periodo=2026
[2026-03-06T22:55:51.270Z] OPTIONS /api/entries/251?periodo=2026
[2026-03-06T22:55:51.270Z] GET /api/entries/73?periodo=2026
[2026-03-06T22:55:51.270Z] GET /api/entries/79?periodo=2026
[2026-03-06T22:55:51.271Z] GET /api/entries/81?periodo=2026
[2026-03-06T22:55:51.271Z] GET /api/entries/82?periodo=2026
[2026-03-06T22:55:51.271Z] OPTIONS /api/entries/252?periodo=2026
[2026-03-06T22:55:51.272Z] GET /api/entries/83?periodo=2026
[2026-03-06T22:55:51.272Z] GET /api/entries/84?periodo=2026
[2026-03-06T22:55:51.273Z] OPTIONS /api/entries/253?periodo=2026
[2026-03-06T22:55:51.273Z] GET /api/entries/86?periodo=2026
[2026-03-06T22:55:51.274Z] OPTIONS /api/entries/255?periodo=2026
[2026-03-06T22:55:51.274Z] OPTIONS /api/entries/254?periodo=2026
[2026-03-06T22:55:51.275Z] GET /api/entries/87?periodo=2026
[2026-03-06T22:55:51.275Z] GET /api/entries/89?periodo=2026
[2026-03-06T22:55:51.275Z] GET /api/entries/91?periodo=2026
[2026-03-06T22:55:51.276Z] GET /api/entries/85?periodo=2026
[2026-03-06T22:55:51.276Z] OPTIONS /api/entries/257?periodo=2026
[2026-03-06T22:55:51.277Z] GET /api/entries/93?periodo=2026
[2026-03-06T22:55:51.277Z] OPTIONS /api/entries/258?periodo=2026
[2026-03-06T22:55:51.277Z] GET /api/entries/95?periodo=2026
[2026-03-06T22:55:51.278Z] GET /api/entries/96?periodo=2026
[2026-03-06T22:55:51.278Z] OPTIONS /api/entries/259?periodo=2026
[2026-03-06T22:55:51.278Z] GET /api/entries/97?periodo=2026
[2026-03-06T22:55:51.278Z] GET /api/entries/92?periodo=2026
[2026-03-06T22:55:51.279Z] GET /api/entries/99?periodo=2026
[2026-03-06T22:55:51.279Z] OPTIONS /api/entries/260?periodo=2026
[2026-03-06T22:55:51.279Z] GET /api/entries/100?periodo=2026
[2026-03-06T22:55:51.281Z] OPTIONS /api/entries/261?periodo=2026
[2026-03-06T22:55:51.281Z] GET /api/entries/101?periodo=2026
[2026-03-06T22:55:51.281Z] OPTIONS /api/entries/262?periodo=2026
[2026-03-06T22:55:51.281Z] GET /api/entries/98?periodo=2026
[2026-03-06T22:55:51.283Z] GET /api/entries/104?periodo=2026
[2026-03-06T22:55:51.284Z] OPTIONS /api/entries/263?periodo=2026
[2026-03-06T22:55:51.285Z] GET /api/entries/107?periodo=2026
[2026-03-06T22:55:51.285Z] GET /api/entries/108?periodo=2026
[2026-03-06T22:55:51.285Z] OPTIONS /api/entries/264?periodo=2026
[2026-03-06T22:55:51.286Z] GET /api/entries/102?periodo=2026
[2026-03-06T22:55:51.286Z] GET /api/entries/111?periodo=2026
[2026-03-06T22:55:51.286Z] OPTIONS /api/entries/265?periodo=2026
[2026-03-06T22:55:51.286Z] GET /api/entries/103?periodo=2026
[2026-03-06T22:55:51.287Z] OPTIONS /api/entries/266?periodo=2026
[2026-03-06T22:55:51.287Z] GET /api/entries/112?periodo=2026
[2026-03-06T22:55:51.288Z] GET /api/entries/113?periodo=2026
[2026-03-06T22:55:51.288Z] GET /api/entries/114?periodo=2026
[2026-03-06T22:55:51.289Z] GET /api/entries/110?periodo=2026
[2026-03-06T22:55:51.289Z] OPTIONS /api/entries/267?periodo=2026
[2026-03-06T22:55:51.289Z] GET /api/entries/116?periodo=2026
[2026-03-06T22:55:51.289Z] OPTIONS /api/entries/268?periodo=2026
[2026-03-06T22:55:51.290Z] GET /api/entries/117?periodo=2026
[2026-03-06T22:55:51.290Z] GET /api/entries/118?periodo=2026
[2026-03-06T22:55:51.291Z] GET /api/entries/119?periodo=2026
[2026-03-06T22:55:51.292Z] OPTIONS /api/entries/269?periodo=2026
[2026-03-06T22:55:51.292Z] GET /api/entries/115?periodo=2026
[2026-03-06T22:55:51.292Z] GET /api/entries/121?periodo=2026
[2026-03-06T22:55:51.294Z] OPTIONS /api/entries/270?periodo=2026
[2026-03-06T22:55:51.294Z] GET /api/entries/122?periodo=2026
[2026-03-06T22:55:51.295Z] OPTIONS /api/entries/272?periodo=2026
[2026-03-06T22:55:51.295Z] OPTIONS /api/entries/271?periodo=2026
[2026-03-06T22:55:51.295Z] GET /api/entries/123?periodo=2026
[2026-03-06T22:55:51.295Z] GET /api/entries/124?periodo=2026
[2026-03-06T22:55:51.296Z] OPTIONS /api/entries/273?periodo=2026
[2026-03-06T22:55:51.296Z] GET /api/entries/120?periodo=2026
[2026-03-06T22:55:51.296Z] GET /api/entries/125?periodo=2026
[2026-03-06T22:55:51.298Z] OPTIONS /api/entries/274?periodo=2026
[2026-03-06T22:55:51.299Z] OPTIONS /api/entries/275?periodo=2026
[2026-03-06T22:55:51.299Z] OPTIONS /api/entries/276?periodo=2026
[2026-03-06T22:55:51.299Z] OPTIONS /api/entries/277?periodo=2026
[2026-03-06T22:55:51.299Z] OPTIONS /api/entries/278?periodo=2026
[2026-03-06T22:55:51.300Z] OPTIONS /api/entries/279?periodo=2026
[2026-03-06T22:55:51.300Z] OPTIONS /api/entries/280?periodo=2026
[2026-03-06T22:55:51.301Z] GET /api/entries/126?periodo=2026
[2026-03-06T22:55:51.301Z] GET /api/entries/127?periodo=2026
[2026-03-06T22:55:51.301Z] GET /api/entries/128?periodo=2026
[2026-03-06T22:55:51.302Z] OPTIONS /api/entries/281?periodo=2026
[2026-03-06T22:55:51.302Z] OPTIONS /api/entries/282?periodo=2026
[2026-03-06T22:55:51.302Z] GET /api/entries/129?periodo=2026
[2026-03-06T22:55:51.302Z] OPTIONS /api/entries/283?periodo=2026
[2026-03-06T22:55:51.302Z] OPTIONS /api/entries/284?periodo=2026
[2026-03-06T22:55:51.302Z] OPTIONS /api/entries/285?periodo=2026
[2026-03-06T22:55:51.302Z] OPTIONS /api/entries/286?periodo=2026
[2026-03-06T22:55:51.303Z] OPTIONS /api/entries/288?periodo=2026
[2026-03-06T22:55:51.303Z] GET /api/entries/130?periodo=2026
[2026-03-06T22:55:51.303Z] OPTIONS /api/entries/289?periodo=2026
[2026-03-06T22:55:51.303Z] GET /api/entries/131?periodo=2026
[2026-03-06T22:55:51.304Z] OPTIONS /api/entries/290?periodo=2026
[2026-03-06T22:55:51.304Z] GET /api/entries/132?periodo=2026
[2026-03-06T22:55:51.304Z] OPTIONS /api/entries/291?periodo=2026
[2026-03-06T22:55:51.305Z] OPTIONS /api/entries/292?periodo=2026
[2026-03-06T22:55:51.305Z] OPTIONS /api/entries/294?periodo=2026
[2026-03-06T22:55:51.305Z] OPTIONS /api/entries/293?periodo=2026
[2026-03-06T22:55:51.305Z] OPTIONS /api/entries/295?periodo=2026
[2026-03-06T22:55:51.305Z] OPTIONS /api/entries/296?periodo=2026
[2026-03-06T22:55:51.306Z] OPTIONS /api/entries/297?periodo=2026
[2026-03-06T22:55:51.306Z] OPTIONS /api/entries/298?periodo=2026
[2026-03-06T22:55:51.306Z] OPTIONS /api/entries/299?periodo=2026
[2026-03-06T22:55:51.306Z] OPTIONS /api/entries/300?periodo=2026
[2026-03-06T22:55:51.306Z] OPTIONS /api/entries/301?periodo=2026
[2026-03-06T22:55:51.307Z] OPTIONS /api/entries/302?periodo=2026
[2026-03-06T22:55:51.307Z] GET /api/entries/133?periodo=2026
[2026-03-06T22:55:51.307Z] OPTIONS /api/entries/303?periodo=2026
[2026-03-06T22:55:51.308Z] OPTIONS /api/entries/306?periodo=2026
[2026-03-06T22:55:51.308Z] GET /api/entries/135?periodo=2026
[2026-03-06T22:55:51.308Z] OPTIONS /api/entries/304?periodo=2026
[2026-03-06T22:55:51.308Z] OPTIONS /api/entries/305?periodo=2026
[2026-03-06T22:55:51.308Z] GET /api/entries/134?periodo=2026
[2026-03-06T22:55:51.309Z] OPTIONS /api/entries/307?periodo=2026
[2026-03-06T22:55:51.309Z] GET /api/entries/136?periodo=2026
[2026-03-06T22:55:51.310Z] OPTIONS /api/entries/308?periodo=2026
[2026-03-06T22:55:51.310Z] OPTIONS /api/entries/309?periodo=2026
[2026-03-06T22:55:51.310Z] OPTIONS /api/entries/311?periodo=2026
[2026-03-06T22:55:51.311Z] OPTIONS /api/entries/312?periodo=2026
[2026-03-06T22:55:51.311Z] OPTIONS /api/entries/313?periodo=2026
[2026-03-06T22:55:51.311Z] OPTIONS /api/entries/314?periodo=2026
[2026-03-06T22:55:51.311Z] OPTIONS /api/entries/315?periodo=2026
[2026-03-06T22:55:51.311Z] OPTIONS /api/entries/316?periodo=2026
[2026-03-06T22:55:51.311Z] OPTIONS /api/entries/317?periodo=2026
[2026-03-06T22:55:51.311Z] OPTIONS /api/entries/318?periodo=2026
[2026-03-06T22:55:51.312Z] OPTIONS /api/entries/322?periodo=2026
[2026-03-06T22:55:51.312Z] OPTIONS /api/entries/324?periodo=2026
[2026-03-06T22:55:51.312Z] OPTIONS /api/entries/325?periodo=2026
[2026-03-06T22:55:51.312Z] OPTIONS /api/entries/326?periodo=2026
[2026-03-06T22:55:51.312Z] OPTIONS /api/entries/327?periodo=2026
[2026-03-06T22:55:51.312Z] OPTIONS /api/entries/328?periodo=2026
[2026-03-06T22:55:51.312Z] OPTIONS /api/entries/329?periodo=2026
[2026-03-06T22:55:51.312Z] GET /api/entries/137?periodo=2026
[2026-03-06T22:55:51.312Z] GET /api/entries/139?periodo=2026
[2026-03-06T22:55:51.313Z] GET /api/entries/140?periodo=2026
[2026-03-06T22:55:51.313Z] OPTIONS /api/entries/330?periodo=2026
[2026-03-06T22:55:51.313Z] GET /api/entries/138?periodo=2026
[2026-03-06T22:55:51.313Z] OPTIONS /api/entries/331?periodo=2026
[2026-03-06T22:55:51.314Z] OPTIONS /api/entries/332?periodo=2026
[2026-03-06T22:55:51.314Z] OPTIONS /api/entries/334?periodo=2026
[2026-03-06T22:55:51.314Z] OPTIONS /api/entries/333?periodo=2026
[2026-03-06T22:55:51.315Z] OPTIONS /api/entries/335?periodo=2026
[2026-03-06T22:55:51.315Z] OPTIONS /api/entries/336?periodo=2026
[2026-03-06T22:55:51.315Z] OPTIONS /api/entries/337?periodo=2026
[2026-03-06T22:55:51.315Z] OPTIONS /api/entries/341?periodo=2026
[2026-03-06T22:55:51.316Z] GET /api/entries/141?periodo=2026
[2026-03-06T22:55:51.316Z] OPTIONS /api/entries/342?periodo=2026
[2026-03-06T22:55:51.317Z] OPTIONS /api/entries/343?periodo=2026
[2026-03-06T22:55:51.317Z] GET /api/entries/142?periodo=2026
[2026-03-06T22:55:51.317Z] OPTIONS /api/entries/344?periodo=2026
[2026-03-06T22:55:51.317Z] GET /api/entries/143?periodo=2026
[2026-03-06T22:55:51.318Z] GET /api/entries/144?periodo=2026
[2026-03-06T22:55:51.318Z] OPTIONS /api/entries/348?periodo=2026
[2026-03-06T22:55:51.318Z] OPTIONS /api/entries/347?periodo=2026
[2026-03-06T22:55:51.318Z] OPTIONS /api/entries/349?periodo=2026
[2026-03-06T22:55:51.318Z] OPTIONS /api/entries/350?periodo=2026
[2026-03-06T22:55:51.319Z] GET /api/entries/145?periodo=2026
[2026-03-06T22:55:51.319Z] OPTIONS /api/entries/351?periodo=2026
[2026-03-06T22:55:51.319Z] OPTIONS /api/entries/352?periodo=2026
[2026-03-06T22:55:51.319Z] GET /api/entries/146?periodo=2026
[2026-03-06T22:55:51.320Z] OPTIONS /api/entries/354?periodo=2026
[2026-03-06T22:55:51.320Z] OPTIONS /api/entries/353?periodo=2026
[2026-03-06T22:55:51.320Z] OPTIONS /api/entries/355?periodo=2026
[2026-03-06T22:55:51.320Z] OPTIONS /api/entries/357?periodo=2026
[2026-03-06T22:55:51.320Z] OPTIONS /api/entries/356?periodo=2026
[2026-03-06T22:55:51.320Z] OPTIONS /api/entries/358?periodo=2026
[2026-03-06T22:55:51.320Z] GET /api/entries/147?periodo=2026
[2026-03-06T22:55:51.320Z] OPTIONS /api/entries/359?periodo=2026
[2026-03-06T22:55:51.321Z] OPTIONS /api/entries/360?periodo=2026
[2026-03-06T22:55:51.321Z] OPTIONS /api/entries/361?periodo=2026
[2026-03-06T22:55:51.321Z] OPTIONS /api/entries/362?periodo=2026
[2026-03-06T22:55:51.321Z] OPTIONS /api/entries/363?periodo=2026
[2026-03-06T22:55:51.321Z] OPTIONS /api/entries/364?periodo=2026
[2026-03-06T22:55:51.321Z] OPTIONS /api/entries/365?periodo=2026
[2026-03-06T22:55:51.321Z] OPTIONS /api/entries/366?periodo=2026
[2026-03-06T22:55:51.321Z] OPTIONS /api/entries/367?periodo=2026
[2026-03-06T22:55:51.321Z] OPTIONS /api/entries/368?periodo=2026
[2026-03-06T22:55:51.321Z] OPTIONS /api/entries/369?periodo=2026
[2026-03-06T22:55:51.321Z] GET /api/entries/148?periodo=2026
[2026-03-06T22:55:51.322Z] OPTIONS /api/entries/371?periodo=2026
[2026-03-06T22:55:51.322Z] GET /api/entries/149?periodo=2026
[2026-03-06T22:55:51.322Z] OPTIONS /api/entries/370?periodo=2026
[2026-03-06T22:55:51.322Z] GET /api/entries/150?periodo=2026
[2026-03-06T22:55:51.323Z] GET /api/entries/151?periodo=2026
[2026-03-06T22:55:51.324Z] OPTIONS /api/entries/372?periodo=2026
[2026-03-06T22:55:51.324Z] GET /api/entries/152?periodo=2026
[2026-03-06T22:55:51.325Z] OPTIONS /api/entries/373?periodo=2026
[2026-03-06T22:55:51.325Z] OPTIONS /api/entries/374?periodo=2026
[2026-03-06T22:55:51.325Z] GET /api/entries/153?periodo=2026
[2026-03-06T22:55:51.326Z] OPTIONS /api/entries/375?periodo=2026
[2026-03-06T22:55:51.326Z] GET /api/entries/154?periodo=2026
[2026-03-06T22:55:51.327Z] OPTIONS /api/entries/376?periodo=2026
[2026-03-06T22:55:51.327Z] OPTIONS /api/entries/377?periodo=2026
[2026-03-06T22:55:51.327Z] OPTIONS /api/entries/378?periodo=2026
[2026-03-06T22:55:51.327Z] GET /api/entries/155?periodo=2026
[2026-03-06T22:55:51.327Z] OPTIONS /api/entries/380?periodo=2026
[2026-03-06T22:55:51.327Z] OPTIONS /api/entries/379?periodo=2026
[2026-03-06T22:55:51.327Z] OPTIONS /api/entries/381?periodo=2026
[2026-03-06T22:55:51.328Z] OPTIONS /api/entries/382?periodo=2026
[2026-03-06T22:55:51.328Z] OPTIONS /api/entries/383?periodo=2026
[2026-03-06T22:55:51.328Z] GET /api/entries/156?periodo=2026
[2026-03-06T22:55:51.328Z] OPTIONS /api/entries/385?periodo=2026
[2026-03-06T22:55:51.328Z] OPTIONS /api/entries/386?periodo=2026
[2026-03-06T22:55:51.328Z] OPTIONS /api/entries/384?periodo=2026
[2026-03-06T22:55:51.329Z] OPTIONS /api/entries/387?periodo=2026
[2026-03-06T22:55:51.329Z] GET /api/entries/158?periodo=2026
[2026-03-06T22:55:51.329Z] OPTIONS /api/entries/390?periodo=2026
[2026-03-06T22:55:51.329Z] OPTIONS /api/entries/388?periodo=2026
[2026-03-06T22:55:51.329Z] OPTIONS /api/entries/389?periodo=2026
[2026-03-06T22:55:51.329Z] GET /api/entries/159?periodo=2026
[2026-03-06T22:55:51.329Z] GET /api/entries/160?periodo=2026
[2026-03-06T22:55:51.330Z] OPTIONS /api/entries/391?periodo=2026
[2026-03-06T22:55:51.330Z] OPTIONS /api/entries/392?periodo=2026
[2026-03-06T22:55:51.330Z] OPTIONS /api/entries/393?periodo=2026
[2026-03-06T22:55:51.330Z] OPTIONS /api/entries/394?periodo=2026
[2026-03-06T22:55:51.330Z] OPTIONS /api/entries/396?periodo=2026
[2026-03-06T22:55:51.330Z] OPTIONS /api/entries/395?periodo=2026
[2026-03-06T22:55:51.331Z] OPTIONS /api/entries/398?periodo=2026
[2026-03-06T22:55:51.331Z] OPTIONS /api/entries/399?periodo=2026
[2026-03-06T22:55:51.331Z] OPTIONS /api/entries/397?periodo=2026
[2026-03-06T22:55:51.331Z] GET /api/entries/162?periodo=2026
[2026-03-06T22:55:51.331Z] GET /api/entries/161?periodo=2026
[2026-03-06T22:55:51.332Z] OPTIONS /api/entries/400?periodo=2026
[2026-03-06T22:55:51.332Z] OPTIONS /api/entries/401?periodo=2026
[2026-03-06T22:55:51.332Z] OPTIONS /api/entries/402?periodo=2026
[2026-03-06T22:55:51.332Z] OPTIONS /api/entries/403?periodo=2026
[2026-03-06T22:55:51.333Z] GET /api/entries/164?periodo=2026
[2026-03-06T22:55:51.333Z] GET /api/entries/163?periodo=2026
[2026-03-06T22:55:51.333Z] GET /api/entries/166?periodo=2026
[2026-03-06T22:55:51.334Z] OPTIONS /api/entries/404?periodo=2026
[2026-03-06T22:55:51.334Z] OPTIONS /api/entries/405?periodo=2026
[2026-03-06T22:55:51.334Z] OPTIONS /api/entries/406?periodo=2026
[2026-03-06T22:55:51.335Z] OPTIONS /api/entries/407?periodo=2026
[2026-03-06T22:55:51.335Z] GET /api/entries/167?periodo=2026
[2026-03-06T22:55:51.335Z] OPTIONS /api/entries/408?periodo=2026
[2026-03-06T22:55:51.335Z] GET /api/entries/168?periodo=2026
[2026-03-06T22:55:51.335Z] OPTIONS /api/entries/409?periodo=2026
[2026-03-06T22:55:51.335Z] GET /api/entries/169?periodo=2026
[2026-03-06T22:55:51.336Z] OPTIONS /api/entries/410?periodo=2026
[2026-03-06T22:55:51.336Z] OPTIONS /api/entries/411?periodo=2026
[2026-03-06T22:55:51.336Z] GET /api/entries/170?periodo=2026
[2026-03-06T22:55:51.336Z] OPTIONS /api/entries/413?periodo=2026
[2026-03-06T22:55:51.336Z] OPTIONS /api/entries/412?periodo=2026
[2026-03-06T22:55:51.337Z] OPTIONS /api/entries/414?periodo=2026
[2026-03-06T22:55:51.337Z] OPTIONS /api/entries/415?periodo=2026
[2026-03-06T22:55:51.337Z] OPTIONS /api/entries/416?periodo=2026
[2026-03-06T22:55:51.337Z] GET /api/entries/171?periodo=2026
[2026-03-06T22:55:51.338Z] OPTIONS /api/entries/417?periodo=2026
[2026-03-06T22:55:51.338Z] GET /api/entries/172?periodo=2026
[2026-03-06T22:55:51.338Z] GET /api/entries/173?periodo=2026
[2026-03-06T22:55:51.339Z] GET /api/entries/175?periodo=2026
[2026-03-06T22:55:51.341Z] GET /api/entries/174?periodo=2026
[2026-03-06T22:55:51.341Z] GET /api/entries/176?periodo=2026
[2026-03-06T22:55:51.342Z] GET /api/entries/177?periodo=2026
[2026-03-06T22:55:51.342Z] GET /api/entries/178?periodo=2026
[2026-03-06T22:55:51.343Z] GET /api/entries/179?periodo=2026
[2026-03-06T22:55:51.343Z] GET /api/entries/182?periodo=2026
[2026-03-06T22:55:51.344Z] GET /api/entries/180?periodo=2026
[2026-03-06T22:55:51.344Z] GET /api/entries/181?periodo=2026
[2026-03-06T22:55:51.345Z] GET /api/entries/183?periodo=2026
[2026-03-06T22:55:51.345Z] GET /api/entries/184?periodo=2026
[2026-03-06T22:55:51.345Z] GET /api/entries/186?periodo=2026
[2026-03-06T22:55:51.346Z] GET /api/entries/187?periodo=2026
[2026-03-06T22:55:51.346Z] GET /api/entries/188?periodo=2026
[2026-03-06T22:55:51.346Z] GET /api/entries/185?periodo=2026
[2026-03-06T22:55:51.350Z] GET /api/entries/190?periodo=2026
[2026-03-06T22:55:51.350Z] GET /api/entries/191?periodo=2026
[2026-03-06T22:55:51.350Z] GET /api/entries/192?periodo=2026
[2026-03-06T22:55:51.351Z] GET /api/entries/189?periodo=2026
[2026-03-06T22:55:51.351Z] GET /api/entries/193?periodo=2026
[2026-03-06T22:55:51.351Z] GET /api/entries/194?periodo=2026
[2026-03-06T22:55:51.352Z] GET /api/entries/196?periodo=2026
[2026-03-06T22:55:51.353Z] GET /api/entries/197?periodo=2026
[2026-03-06T22:55:51.353Z] GET /api/entries/195?periodo=2026
[2026-03-06T22:55:51.353Z] GET /api/entries/198?periodo=2026
[2026-03-06T22:55:51.354Z] GET /api/entries/199?periodo=2026
[2026-03-06T22:55:51.354Z] GET /api/entries/200?periodo=2026
[2026-03-06T22:55:51.354Z] GET /api/entries/201?periodo=2026
[2026-03-06T22:55:51.355Z] GET /api/entries/202?periodo=2026
[2026-03-06T22:55:51.355Z] GET /api/entries/203?periodo=2026
[2026-03-06T22:55:51.355Z] GET /api/entries/204?periodo=2026
[2026-03-06T22:55:51.356Z] GET /api/entries/205?periodo=2026
[2026-03-06T22:55:51.357Z] GET /api/entries/206?periodo=2026
[2026-03-06T22:55:51.357Z] GET /api/entries/207?periodo=2026
[2026-03-06T22:55:51.358Z] GET /api/entries/208?periodo=2026
[2026-03-06T22:55:51.358Z] GET /api/entries/209?periodo=2026
[2026-03-06T22:55:51.359Z] GET /api/entries/210?periodo=2026
[2026-03-06T22:55:51.359Z] GET /api/entries/212?periodo=2026
[2026-03-06T22:55:51.360Z] GET /api/entries/211?periodo=2026
[2026-03-06T22:55:51.360Z] GET /api/entries/214?periodo=2026
[2026-03-06T22:55:51.360Z] GET /api/entries/213?periodo=2026
[2026-03-06T22:55:51.361Z] GET /api/entries/216?periodo=2026
[2026-03-06T22:55:51.361Z] GET /api/entries/215?periodo=2026
[2026-03-06T22:55:51.361Z] GET /api/entries/217?periodo=2026
[2026-03-06T22:55:51.362Z] GET /api/entries/220?periodo=2026
[2026-03-06T22:55:51.362Z] GET /api/entries/218?periodo=2026
[2026-03-06T22:55:51.363Z] GET /api/entries/219?periodo=2026
[2026-03-06T22:55:51.363Z] GET /api/entries/222?periodo=2026
[2026-03-06T22:55:51.363Z] GET /api/entries/223?periodo=2026
[2026-03-06T22:55:51.364Z] GET /api/entries/221?periodo=2026
[2026-03-06T22:55:51.365Z] GET /api/entries/224?periodo=2026
[2026-03-06T22:55:51.366Z] GET /api/entries/225?periodo=2026
[2026-03-06T22:55:51.367Z] GET /api/entries/226?periodo=2026
[2026-03-06T22:55:51.367Z] GET /api/entries/228?periodo=2026
[2026-03-06T22:55:51.367Z] GET /api/entries/229?periodo=2026
[2026-03-06T22:55:51.368Z] GET /api/entries/230?periodo=2026
[2026-03-06T22:55:51.368Z] GET /api/entries/233?periodo=2026
[2026-03-06T22:55:51.369Z] GET /api/entries/234?periodo=2026
[2026-03-06T22:55:51.370Z] GET /api/entries/235?periodo=2026
[2026-03-06T22:55:51.370Z] GET /api/entries/236?periodo=2026
[2026-03-06T22:55:51.371Z] GET /api/entries/237?periodo=2026
[2026-03-06T22:55:51.371Z] GET /api/entries/238?periodo=2026
[2026-03-06T22:55:51.371Z] GET /api/entries/239?periodo=2026
[2026-03-06T22:55:51.372Z] GET /api/entries/240?periodo=2026
[2026-03-06T22:55:51.372Z] GET /api/entries/242?periodo=2026
[2026-03-06T22:55:51.373Z] GET /api/entries/243?periodo=2026
[2026-03-06T22:55:51.373Z] GET /api/entries/244?periodo=2026
[2026-03-06T22:55:51.374Z] GET /api/entries/245?periodo=2026
[2026-03-06T22:55:51.374Z] GET /api/entries/246?periodo=2026
[2026-03-06T22:55:51.375Z] GET /api/entries/247?periodo=2026
[2026-03-06T22:55:51.375Z] GET /api/entries/248?periodo=2026
[2026-03-06T22:55:51.376Z] GET /api/entries/249?periodo=2026
[2026-03-06T22:55:51.376Z] GET /api/entries/250?periodo=2026
[2026-03-06T22:55:51.377Z] GET /api/entries/251?periodo=2026
[2026-03-06T22:55:51.377Z] GET /api/entries/252?periodo=2026
[2026-03-06T22:55:51.377Z] GET /api/entries/253?periodo=2026
[2026-03-06T22:55:51.378Z] GET /api/entries/255?periodo=2026
[2026-03-06T22:55:51.378Z] GET /api/entries/254?periodo=2026
[2026-03-06T22:55:51.379Z] GET /api/entries/257?periodo=2026
[2026-03-06T22:55:51.379Z] GET /api/entries/258?periodo=2026
[2026-03-06T22:55:51.380Z] GET /api/entries/259?periodo=2026
[2026-03-06T22:55:51.380Z] GET /api/entries/260?periodo=2026
[2026-03-06T22:55:51.381Z] GET /api/entries/261?periodo=2026
[2026-03-06T22:55:51.382Z] GET /api/entries/262?periodo=2026
[2026-03-06T22:55:51.382Z] GET /api/entries/263?periodo=2026
[2026-03-06T22:55:51.383Z] GET /api/entries/264?periodo=2026
[2026-03-06T22:55:51.384Z] GET /api/entries/265?periodo=2026
[2026-03-06T22:55:51.384Z] GET /api/entries/266?periodo=2026
[2026-03-06T22:55:51.385Z] GET /api/entries/267?periodo=2026
[2026-03-06T22:55:51.385Z] GET /api/entries/268?periodo=2026
[2026-03-06T22:55:51.385Z] GET /api/entries/269?periodo=2026
[2026-03-06T22:55:51.386Z] GET /api/entries/270?periodo=2026
[2026-03-06T22:55:51.387Z] GET /api/entries/272?periodo=2026
[2026-03-06T22:55:51.387Z] GET /api/entries/271?periodo=2026
[2026-03-06T22:55:51.388Z] GET /api/entries/273?periodo=2026
[2026-03-06T22:55:51.388Z] GET /api/entries/274?periodo=2026
[2026-03-06T22:55:51.388Z] GET /api/entries/275?periodo=2026
[2026-03-06T22:55:51.389Z] GET /api/entries/277?periodo=2026
[2026-03-06T22:55:51.389Z] GET /api/entries/276?periodo=2026
[2026-03-06T22:55:51.390Z] GET /api/entries/278?periodo=2026
[2026-03-06T22:55:51.390Z] GET /api/entries/279?periodo=2026
[2026-03-06T22:55:51.392Z] GET /api/entries/280?periodo=2026
[2026-03-06T22:55:51.392Z] GET /api/entries/281?periodo=2026
[2026-03-06T22:55:51.393Z] GET /api/entries/282?periodo=2026
[2026-03-06T22:55:51.393Z] GET /api/entries/283?periodo=2026
[2026-03-06T22:55:51.394Z] GET /api/entries/284?periodo=2026
[2026-03-06T22:55:51.394Z] GET /api/entries/285?periodo=2026
[2026-03-06T22:55:51.395Z] GET /api/entries/286?periodo=2026
[2026-03-06T22:55:51.395Z] GET /api/entries/288?periodo=2026
[2026-03-06T22:55:51.395Z] GET /api/entries/289?periodo=2026
[2026-03-06T22:55:51.401Z] GET /api/entries/290?periodo=2026
[2026-03-06T22:55:51.401Z] GET /api/entries/291?periodo=2026
[2026-03-06T22:55:51.402Z] GET /api/entries/292?periodo=2026
[2026-03-06T22:55:51.402Z] GET /api/entries/293?periodo=2026
[2026-03-06T22:55:51.403Z] GET /api/entries/294?periodo=2026
[2026-03-06T22:55:51.403Z] GET /api/entries/295?periodo=2026
[2026-03-06T22:55:51.404Z] GET /api/entries/296?periodo=2026
[2026-03-06T22:55:51.404Z] GET /api/entries/297?periodo=2026
[2026-03-06T22:55:51.405Z] GET /api/entries/298?periodo=2026
[2026-03-06T22:55:51.405Z] GET /api/entries/299?periodo=2026
[2026-03-06T22:55:51.405Z] GET /api/entries/300?periodo=2026
[2026-03-06T22:55:51.406Z] GET /api/entries/301?periodo=2026
[2026-03-06T22:55:51.406Z] GET /api/entries/302?periodo=2026
[2026-03-06T22:55:51.408Z] GET /api/entries/303?periodo=2026
[2026-03-06T22:55:51.408Z] GET /api/entries/306?periodo=2026
[2026-03-06T22:55:51.409Z] GET /api/entries/304?periodo=2026
[2026-03-06T22:55:51.410Z] GET /api/entries/305?periodo=2026
[2026-03-06T22:55:51.411Z] GET /api/entries/307?periodo=2026
[2026-03-06T22:55:51.411Z] GET /api/entries/308?periodo=2026
[2026-03-06T22:55:51.412Z] GET /api/entries/309?periodo=2026
[2026-03-06T22:55:51.413Z] GET /api/entries/311?periodo=2026
[2026-03-06T22:55:51.415Z] GET /api/entries/312?periodo=2026
[2026-03-06T22:55:51.416Z] GET /api/entries/314?periodo=2026
[2026-03-06T22:55:51.416Z] GET /api/entries/313?periodo=2026
[2026-03-06T22:55:51.416Z] GET /api/entries/315?periodo=2026
[2026-03-06T22:55:51.417Z] GET /api/entries/316?periodo=2026
[2026-03-06T22:55:51.417Z] GET /api/entries/317?periodo=2026
[2026-03-06T22:55:51.418Z] GET /api/entries/318?periodo=2026
[2026-03-06T22:55:51.419Z] GET /api/entries/322?periodo=2026
[2026-03-06T22:55:51.419Z] GET /api/entries/324?periodo=2026
[2026-03-06T22:55:51.420Z] OPTIONS /api/entries/2?periodo=2026
[2026-03-06T22:55:51.420Z] GET /api/entries/325?periodo=2026
[2026-03-06T22:55:51.420Z] GET /api/entries/327?periodo=2026
[2026-03-06T22:55:51.421Z] GET /api/entries/326?periodo=2026
[2026-03-06T22:55:51.421Z] GET /api/entries/328?periodo=2026
[2026-03-06T22:55:51.422Z] GET /api/entries/329?periodo=2026
[2026-03-06T22:55:51.422Z] OPTIONS /api/entries/3?periodo=2026
[2026-03-06T22:55:51.422Z] OPTIONS /api/entries/4?periodo=2026
[2026-03-06T22:55:51.422Z] OPTIONS /api/entries/5?periodo=2026
[2026-03-06T22:55:51.422Z] OPTIONS /api/entries/6?periodo=2026
[2026-03-06T22:55:51.423Z] GET /api/entries/330?periodo=2026
[2026-03-06T22:55:51.425Z] GET /api/entries/331?periodo=2026
[2026-03-06T22:55:51.425Z] GET /api/entries/332?periodo=2026
[2026-03-06T22:55:51.429Z] GET /api/entries/334?periodo=2026
[2026-03-06T22:55:51.430Z] GET /api/entries/333?periodo=2026
[2026-03-06T22:55:51.431Z] OPTIONS /api/entries/7?periodo=2026
[2026-03-06T22:55:51.431Z] OPTIONS /api/entries/8?periodo=2026
[2026-03-06T22:55:51.431Z] GET /api/entries/335?periodo=2026
[2026-03-06T22:55:51.431Z] GET /api/entries/336?periodo=2026
[2026-03-06T22:55:51.432Z] OPTIONS /api/entries/9?periodo=2026
[2026-03-06T22:55:51.432Z] OPTIONS /api/entries/10?periodo=2026
[2026-03-06T22:55:51.433Z] GET /api/entries/337?periodo=2026
[2026-03-06T22:55:51.433Z] GET /api/entries/341?periodo=2026
[2026-03-06T22:55:51.434Z] OPTIONS /api/entries/11?periodo=2026
[2026-03-06T22:55:51.434Z] OPTIONS /api/entries/12?periodo=2026
[2026-03-06T22:55:51.434Z] OPTIONS /api/entries/13?periodo=2026
[2026-03-06T22:55:51.434Z] GET /api/entries/342?periodo=2026
[2026-03-06T22:55:51.435Z] OPTIONS /api/entries/14?periodo=2026
[2026-03-06T22:55:51.435Z] OPTIONS /api/entries/15?periodo=2026
[2026-03-06T22:55:51.435Z] OPTIONS /api/entries/16?periodo=2026
[2026-03-06T22:55:51.435Z] GET /api/entries/343?periodo=2026
[2026-03-06T22:55:51.435Z] OPTIONS /api/entries/17?periodo=2026
[2026-03-06T22:55:51.435Z] OPTIONS /api/entries/19?periodo=2026
[2026-03-06T22:55:51.436Z] GET /api/entries/344?periodo=2026
[2026-03-06T22:55:51.436Z] OPTIONS /api/entries/18?periodo=2026
[2026-03-06T22:55:51.436Z] GET /api/entries/347?periodo=2026
[2026-03-06T22:55:51.436Z] OPTIONS /api/entries/21?periodo=2026
[2026-03-06T22:55:51.436Z] GET /api/entries/348?periodo=2026
[2026-03-06T22:55:51.437Z] GET /api/entries/349?periodo=2026
[2026-03-06T22:55:51.437Z] OPTIONS /api/entries/22?periodo=2026
[2026-03-06T22:55:51.437Z] OPTIONS /api/entries/23?periodo=2026
[2026-03-06T22:55:51.437Z] GET /api/entries/350?periodo=2026
[2026-03-06T22:55:51.438Z] OPTIONS /api/entries/24?periodo=2026
[2026-03-06T22:55:51.438Z] OPTIONS /api/entries/25?periodo=2026
[2026-03-06T22:55:51.438Z] GET /api/entries/351?periodo=2026
[2026-03-06T22:55:51.438Z] OPTIONS /api/entries/26?periodo=2026
[2026-03-06T22:55:51.439Z] OPTIONS /api/entries/28?periodo=2026
[2026-03-06T22:55:51.439Z] GET /api/entries/352?periodo=2026
[2026-03-06T22:55:51.439Z] GET /api/entries/354?periodo=2026
[2026-03-06T22:55:51.439Z] GET /api/entries/353?periodo=2026
[2026-03-06T22:55:51.440Z] OPTIONS /api/entries/29?periodo=2026
[2026-03-06T22:55:51.440Z] GET /api/entries/357?periodo=2026
[2026-03-06T22:55:51.441Z] GET /api/entries/356?periodo=2026
[2026-03-06T22:55:51.441Z] GET /api/entries/355?periodo=2026
[2026-03-06T22:55:51.442Z] GET /api/entries/358?periodo=2026
[2026-03-06T22:55:51.442Z] OPTIONS /api/entries/30?periodo=2026
[2026-03-06T22:55:51.443Z] GET /api/entries/359?periodo=2026
[2026-03-06T22:55:51.443Z] GET /api/entries/361?periodo=2026
[2026-03-06T22:55:51.443Z] GET /api/entries/360?periodo=2026
[2026-03-06T22:55:51.444Z] GET /api/entries/362?periodo=2026
[2026-03-06T22:55:51.444Z] GET /api/entries/363?periodo=2026
[2026-03-06T22:55:51.444Z] GET /api/entries/364?periodo=2026
[2026-03-06T22:55:51.447Z] OPTIONS /api/entries/31?periodo=2026
[2026-03-06T22:55:51.448Z] GET /api/entries/365?periodo=2026
[2026-03-06T22:55:51.448Z] GET /api/entries/367?periodo=2026
[2026-03-06T22:55:51.449Z] GET /api/entries/366?periodo=2026
[2026-03-06T22:55:51.449Z] GET /api/entries/368?periodo=2026
[2026-03-06T22:55:51.450Z] GET /api/entries/369?periodo=2026
[2026-03-06T22:55:51.450Z] GET /api/entries/371?periodo=2026
[2026-03-06T22:55:51.451Z] OPTIONS /api/entries/32?periodo=2026
[2026-03-06T22:55:51.451Z] GET /api/entries/370?periodo=2026
[2026-03-06T22:55:51.451Z] OPTIONS /api/entries/33?periodo=2026
[2026-03-06T22:55:51.452Z] OPTIONS /api/entries/34?periodo=2026
[2026-03-06T22:55:51.452Z] OPTIONS /api/entries/37?periodo=2026
[2026-03-06T22:55:51.452Z] GET /api/entries/373?periodo=2026
[2026-03-06T22:55:51.453Z] OPTIONS /api/entries/35?periodo=2026
[2026-03-06T22:55:51.453Z] GET /api/entries/372?periodo=2026
[2026-03-06T22:55:51.453Z] OPTIONS /api/entries/36?periodo=2026
[2026-03-06T22:55:51.453Z] OPTIONS /api/entries/40?periodo=2026
[2026-03-06T22:55:51.453Z] GET /api/entries/374?periodo=2026
[2026-03-06T22:55:51.453Z] OPTIONS /api/entries/39?periodo=2026
[2026-03-06T22:55:51.454Z] OPTIONS /api/entries/42?periodo=2026
[2026-03-06T22:55:51.454Z] OPTIONS /api/entries/43?periodo=2026
[2026-03-06T22:55:51.454Z] OPTIONS /api/entries/41?periodo=2026
[2026-03-06T22:55:51.454Z] OPTIONS /api/entries/45?periodo=2026
[2026-03-06T22:55:51.454Z] OPTIONS /api/entries/46?periodo=2026
[2026-03-06T22:55:51.454Z] GET /api/entries/375?periodo=2026
[2026-03-06T22:55:51.454Z] OPTIONS /api/entries/47?periodo=2026
[2026-03-06T22:55:51.454Z] GET /api/entries/377?periodo=2026
[2026-03-06T22:55:51.455Z] GET /api/entries/376?periodo=2026
[2026-03-06T22:55:51.455Z] GET /api/entries/378?periodo=2026
[2026-03-06T22:55:51.456Z] OPTIONS /api/entries/48?periodo=2026
[2026-03-06T22:55:51.456Z] GET /api/entries/380?periodo=2026
[2026-03-06T22:55:51.456Z] OPTIONS /api/entries/49?periodo=2026
[2026-03-06T22:55:51.456Z] GET /api/entries/379?periodo=2026
[2026-03-06T22:55:51.457Z] GET /api/entries/381?periodo=2026
[2026-03-06T22:55:51.458Z] OPTIONS /api/entries/50?periodo=2026
[2026-03-06T22:55:51.458Z] GET /api/entries/382?periodo=2026
[2026-03-06T22:55:51.459Z] GET /api/entries/383?periodo=2026
[2026-03-06T22:55:51.460Z] OPTIONS /api/entries/51?periodo=2026
[2026-03-06T22:55:51.460Z] GET /api/entries/385?periodo=2026
[2026-03-06T22:55:51.460Z] GET /api/entries/387?periodo=2026
[2026-03-06T22:55:51.460Z] GET /api/entries/386?periodo=2026
[2026-03-06T22:55:51.461Z] OPTIONS /api/entries/52?periodo=2026
[2026-03-06T22:55:51.461Z] GET /api/entries/384?periodo=2026
[2026-03-06T22:55:51.461Z] GET /api/entries/390?periodo=2026
[2026-03-06T22:55:51.462Z] GET /api/entries/388?periodo=2026
[2026-03-06T22:55:51.462Z] OPTIONS /api/entries/53?periodo=2026
[2026-03-06T22:55:51.462Z] GET /api/entries/389?periodo=2026
[2026-03-06T22:55:51.462Z] OPTIONS /api/entries/54?periodo=2026
[2026-03-06T22:55:51.463Z] OPTIONS /api/entries/56?periodo=2026
[2026-03-06T22:55:51.464Z] OPTIONS /api/entries/57?periodo=2026
[2026-03-06T22:55:51.464Z] OPTIONS /api/entries/58?periodo=2026
[2026-03-06T22:55:51.464Z] OPTIONS /api/entries/59?periodo=2026
[2026-03-06T22:55:51.464Z] GET /api/entries/391?periodo=2026
[2026-03-06T22:55:51.464Z] OPTIONS /api/entries/60?periodo=2026
[2026-03-06T22:55:51.465Z] GET /api/entries/392?periodo=2026
[2026-03-06T22:55:51.465Z] GET /api/entries/393?periodo=2026
[2026-03-06T22:55:51.466Z] GET /api/entries/394?periodo=2026
[2026-03-06T22:55:51.467Z] OPTIONS /api/entries/61?periodo=2026
[2026-03-06T22:55:51.467Z] GET /api/entries/396?periodo=2026
[2026-03-06T22:55:51.467Z] GET /api/entries/395?periodo=2026
[2026-03-06T22:55:51.467Z] OPTIONS /api/entries/62?periodo=2026
[2026-03-06T22:55:51.468Z] GET /api/entries/398?periodo=2026
[2026-03-06T22:55:51.468Z] GET /api/entries/399?periodo=2026
[2026-03-06T22:55:51.468Z] OPTIONS /api/entries/63?periodo=2026
[2026-03-06T22:55:51.469Z] GET /api/entries/397?periodo=2026
[2026-03-06T22:55:51.469Z] OPTIONS /api/entries/69?periodo=2026
[2026-03-06T22:55:51.469Z] OPTIONS /api/entries/65?periodo=2026
[2026-03-06T22:55:51.469Z] OPTIONS /api/entries/66?periodo=2026
[2026-03-06T22:55:51.469Z] OPTIONS /api/entries/67?periodo=2026
[2026-03-06T22:55:51.469Z] OPTIONS /api/entries/70?periodo=2026
[2026-03-06T22:55:51.469Z] GET /api/entries/400?periodo=2026
[2026-03-06T22:55:51.470Z] GET /api/entries/401?periodo=2026
[2026-03-06T22:55:51.470Z] GET /api/entries/402?periodo=2026
[2026-03-06T22:55:51.470Z] OPTIONS /api/entries/71?periodo=2026
[2026-03-06T22:55:51.470Z] OPTIONS /api/entries/72?periodo=2026
[2026-03-06T22:55:51.470Z] GET /api/entries/403?periodo=2026
[2026-03-06T22:55:51.471Z] OPTIONS /api/entries/73?periodo=2026
[2026-03-06T22:55:51.471Z] OPTIONS /api/entries/75?periodo=2026
[2026-03-06T22:55:51.471Z] OPTIONS /api/entries/74?periodo=2026
[2026-03-06T22:55:51.471Z] OPTIONS /api/entries/76?periodo=2026
[2026-03-06T22:55:51.471Z] OPTIONS /api/entries/79?periodo=2026
[2026-03-06T22:55:51.471Z] GET /api/entries/404?periodo=2026
[2026-03-06T22:55:51.472Z] OPTIONS /api/entries/77?periodo=2026
[2026-03-06T22:55:51.472Z] OPTIONS /api/entries/78?periodo=2026
[2026-03-06T22:55:51.472Z] OPTIONS /api/entries/81?periodo=2026
[2026-03-06T22:55:51.472Z] GET /api/entries/406?periodo=2026
[2026-03-06T22:55:51.473Z] GET /api/entries/405?periodo=2026
[2026-03-06T22:55:51.473Z] OPTIONS /api/entries/82?periodo=2026
[2026-03-06T22:55:51.474Z] OPTIONS /api/entries/83?periodo=2026
[2026-03-06T22:55:51.474Z] OPTIONS /api/entries/84?periodo=2026
[2026-03-06T22:55:51.474Z] GET /api/entries/407?periodo=2026
[2026-03-06T22:55:51.475Z] GET /api/entries/408?periodo=2026
[2026-03-06T22:55:51.475Z] OPTIONS /api/entries/85?periodo=2026
[2026-03-06T22:55:51.475Z] OPTIONS /api/entries/86?periodo=2026
[2026-03-06T22:55:51.475Z] GET /api/entries/409?periodo=2026
[2026-03-06T22:55:51.476Z] OPTIONS /api/entries/87?periodo=2026
[2026-03-06T22:55:51.476Z] OPTIONS /api/entries/89?periodo=2026
[2026-03-06T22:55:51.476Z] OPTIONS /api/entries/91?periodo=2026
[2026-03-06T22:55:51.476Z] GET /api/entries/410?periodo=2026
[2026-03-06T22:55:51.477Z] GET /api/entries/411?periodo=2026
[2026-03-06T22:55:51.477Z] OPTIONS /api/entries/92?periodo=2026
[2026-03-06T22:55:51.477Z] OPTIONS /api/entries/93?periodo=2026
[2026-03-06T22:55:51.477Z] OPTIONS /api/entries/95?periodo=2026
[2026-03-06T22:55:51.477Z] OPTIONS /api/entries/96?periodo=2026
[2026-03-06T22:55:51.477Z] OPTIONS /api/entries/97?periodo=2026
[2026-03-06T22:55:51.478Z] GET /api/entries/413?periodo=2026
[2026-03-06T22:55:51.478Z] OPTIONS /api/entries/98?periodo=2026
[2026-03-06T22:55:51.478Z] GET /api/entries/412?periodo=2026
[2026-03-06T22:55:51.478Z] OPTIONS /api/entries/99?periodo=2026
[2026-03-06T22:55:51.478Z] OPTIONS /api/entries/100?periodo=2026
[2026-03-06T22:55:51.478Z] GET /api/entries/415?periodo=2026
[2026-03-06T22:55:51.479Z] GET /api/entries/414?periodo=2026
[2026-03-06T22:55:51.479Z] OPTIONS /api/entries/101?periodo=2026
[2026-03-06T22:55:51.479Z] GET /api/entries/416?periodo=2026
[2026-03-06T22:55:51.480Z] OPTIONS /api/entries/102?periodo=2026
[2026-03-06T22:55:51.480Z] OPTIONS /api/entries/103?periodo=2026
[2026-03-06T22:55:51.480Z] OPTIONS /api/entries/104?periodo=2026
[2026-03-06T22:55:51.480Z] OPTIONS /api/entries/107?periodo=2026
[2026-03-06T22:55:51.480Z] OPTIONS /api/entries/108?periodo=2026
[2026-03-06T22:55:51.480Z] GET /api/entries/417?periodo=2026
[2026-03-06T22:55:51.480Z] OPTIONS /api/entries/110?periodo=2026
[2026-03-06T22:55:51.481Z] OPTIONS /api/entries/111?periodo=2026
[2026-03-06T22:55:51.481Z] OPTIONS /api/entries/112?periodo=2026
[2026-03-06T22:55:51.481Z] OPTIONS /api/entries/113?periodo=2026
[2026-03-06T22:55:51.482Z] OPTIONS /api/entries/114?periodo=2026
[2026-03-06T22:55:51.482Z] OPTIONS /api/entries/119?periodo=2026
[2026-03-06T22:55:51.482Z] OPTIONS /api/entries/116?periodo=2026
[2026-03-06T22:55:51.483Z] OPTIONS /api/entries/121?periodo=2026
[2026-03-06T22:55:51.483Z] OPTIONS /api/entries/122?periodo=2026
[2026-03-06T22:55:51.483Z] OPTIONS /api/entries/115?periodo=2026
[2026-03-06T22:55:51.483Z] OPTIONS /api/entries/117?periodo=2026
[2026-03-06T22:55:51.483Z] OPTIONS /api/entries/118?periodo=2026
[2026-03-06T22:55:51.483Z] OPTIONS /api/entries/123?periodo=2026
[2026-03-06T22:55:51.483Z] OPTIONS /api/entries/120?periodo=2026
[2026-03-06T22:55:51.483Z] OPTIONS /api/entries/124?periodo=2026
[2026-03-06T22:55:51.483Z] OPTIONS /api/entries/125?periodo=2026
[2026-03-06T22:55:51.483Z] OPTIONS /api/entries/129?periodo=2026
[2026-03-06T22:55:51.483Z] OPTIONS /api/entries/127?periodo=2026
[2026-03-06T22:55:51.483Z] OPTIONS /api/entries/130?periodo=2026
[2026-03-06T22:55:51.483Z] OPTIONS /api/entries/128?periodo=2026
[2026-03-06T22:55:51.484Z] OPTIONS /api/entries/126?periodo=2026
[2026-03-06T22:55:51.484Z] OPTIONS /api/entries/132?periodo=2026
[2026-03-06T22:55:51.484Z] OPTIONS /api/entries/133?periodo=2026
[2026-03-06T22:55:51.484Z] OPTIONS /api/entries/134?periodo=2026
[2026-03-06T22:55:51.484Z] OPTIONS /api/entries/135?periodo=2026
[2026-03-06T22:55:51.484Z] OPTIONS /api/entries/131?periodo=2026
[2026-03-06T22:55:51.484Z] OPTIONS /api/entries/139?periodo=2026
[2026-03-06T22:55:51.484Z] OPTIONS /api/entries/140?periodo=2026
[2026-03-06T22:55:51.484Z] OPTIONS /api/entries/137?periodo=2026
[2026-03-06T22:55:51.484Z] OPTIONS /api/entries/136?periodo=2026
[2026-03-06T22:55:51.484Z] OPTIONS /api/entries/138?periodo=2026
[2026-03-06T22:55:51.484Z] OPTIONS /api/entries/141?periodo=2026
[2026-03-06T22:55:51.485Z] OPTIONS /api/entries/142?periodo=2026
[2026-03-06T22:55:51.485Z] OPTIONS /api/entries/143?periodo=2026
[2026-03-06T22:55:51.485Z] OPTIONS /api/entries/148?periodo=2026
[2026-03-06T22:55:51.485Z] OPTIONS /api/entries/144?periodo=2026
[2026-03-06T22:55:51.485Z] OPTIONS /api/entries/145?periodo=2026
[2026-03-06T22:55:51.485Z] OPTIONS /api/entries/146?periodo=2026
[2026-03-06T22:55:51.485Z] OPTIONS /api/entries/147?periodo=2026
[2026-03-06T22:55:51.485Z] OPTIONS /api/entries/150?periodo=2026
[2026-03-06T22:55:51.485Z] OPTIONS /api/entries/151?periodo=2026
[2026-03-06T22:55:51.485Z] OPTIONS /api/entries/154?periodo=2026
[2026-03-06T22:55:51.485Z] OPTIONS /api/entries/153?periodo=2026
[2026-03-06T22:55:51.485Z] OPTIONS /api/entries/149?periodo=2026
[2026-03-06T22:55:51.485Z] OPTIONS /api/entries/155?periodo=2026
[2026-03-06T22:55:51.485Z] OPTIONS /api/entries/156?periodo=2026
[2026-03-06T22:55:51.485Z] OPTIONS /api/entries/159?periodo=2026
[2026-03-06T22:55:51.486Z] OPTIONS /api/entries/152?periodo=2026
[2026-03-06T22:55:51.486Z] OPTIONS /api/entries/158?periodo=2026
[2026-03-06T22:55:51.486Z] OPTIONS /api/entries/160?periodo=2026
[2026-03-06T22:55:51.486Z] OPTIONS /api/entries/162?periodo=2026
[2026-03-06T22:55:51.486Z] OPTIONS /api/entries/161?periodo=2026
[2026-03-06T22:55:51.486Z] OPTIONS /api/entries/163?periodo=2026
[2026-03-06T22:55:51.486Z] OPTIONS /api/entries/164?periodo=2026
[2026-03-06T22:55:51.486Z] OPTIONS /api/entries/166?periodo=2026
[2026-03-06T22:55:51.486Z] OPTIONS /api/entries/167?periodo=2026
[2026-03-06T22:55:51.486Z] OPTIONS /api/entries/168?periodo=2026
[2026-03-06T22:55:51.486Z] OPTIONS /api/entries/169?periodo=2026
[2026-03-06T22:55:51.487Z] OPTIONS /api/entries/170?periodo=2026
[2026-03-06T22:55:51.487Z] OPTIONS /api/entries/171?periodo=2026
[2026-03-06T22:55:51.487Z] OPTIONS /api/entries/172?periodo=2026
[2026-03-06T22:55:51.487Z] OPTIONS /api/entries/173?periodo=2026
[2026-03-06T22:55:51.487Z] OPTIONS /api/entries/175?periodo=2026
[2026-03-06T22:55:51.487Z] OPTIONS /api/entries/174?periodo=2026
[2026-03-06T22:55:51.487Z] OPTIONS /api/entries/176?periodo=2026
[2026-03-06T22:55:51.487Z] OPTIONS /api/entries/178?periodo=2026
[2026-03-06T22:55:51.487Z] OPTIONS /api/entries/179?periodo=2026
[2026-03-06T22:55:51.487Z] OPTIONS /api/entries/177?periodo=2026
[2026-03-06T22:55:51.487Z] OPTIONS /api/entries/183?periodo=2026
[2026-03-06T22:55:51.488Z] OPTIONS /api/entries/182?periodo=2026
[2026-03-06T22:55:51.488Z] OPTIONS /api/entries/180?periodo=2026
[2026-03-06T22:55:51.488Z] OPTIONS /api/entries/181?periodo=2026
[2026-03-06T22:55:51.488Z] OPTIONS /api/entries/187?periodo=2026
[2026-03-06T22:55:51.488Z] OPTIONS /api/entries/184?periodo=2026
[2026-03-06T22:55:51.488Z] OPTIONS /api/entries/186?periodo=2026
[2026-03-06T22:55:51.488Z] OPTIONS /api/entries/188?periodo=2026
[2026-03-06T22:55:51.488Z] OPTIONS /api/entries/185?periodo=2026
[2026-03-06T22:55:51.488Z] OPTIONS /api/entries/190?periodo=2026
[2026-03-06T22:55:51.488Z] OPTIONS /api/entries/191?periodo=2026
[2026-03-06T22:55:51.488Z] OPTIONS /api/entries/192?periodo=2026
[2026-03-06T22:55:51.488Z] OPTIONS /api/entries/189?periodo=2026
[2026-03-06T22:55:51.488Z] OPTIONS /api/entries/193?periodo=2026
[2026-03-06T22:55:51.489Z] OPTIONS /api/entries/194?periodo=2026
[2026-03-06T22:55:51.489Z] OPTIONS /api/entries/196?periodo=2026
[2026-03-06T22:55:51.489Z] OPTIONS /api/entries/197?periodo=2026
[2026-03-06T22:55:51.489Z] OPTIONS /api/entries/195?periodo=2026
[2026-03-06T22:55:51.489Z] OPTIONS /api/entries/198?periodo=2026
[2026-03-06T22:55:51.489Z] OPTIONS /api/entries/199?periodo=2026
[2026-03-06T22:55:51.489Z] OPTIONS /api/entries/200?periodo=2026
[2026-03-06T22:55:51.489Z] OPTIONS /api/entries/201?periodo=2026
[2026-03-06T22:55:51.489Z] OPTIONS /api/entries/202?periodo=2026
[2026-03-06T22:55:51.490Z] OPTIONS /api/entries/203?periodo=2026
[2026-03-06T22:55:51.490Z] OPTIONS /api/entries/204?periodo=2026
[2026-03-06T22:55:51.490Z] OPTIONS /api/entries/208?periodo=2026
[2026-03-06T22:55:51.490Z] OPTIONS /api/entries/209?periodo=2026
[2026-03-06T22:55:51.490Z] OPTIONS /api/entries/205?periodo=2026
[2026-03-06T22:55:51.490Z] OPTIONS /api/entries/206?periodo=2026
[2026-03-06T22:55:51.490Z] OPTIONS /api/entries/207?periodo=2026
[2026-03-06T22:55:51.490Z] OPTIONS /api/entries/212?periodo=2026
[2026-03-06T22:55:51.491Z] OPTIONS /api/entries/211?periodo=2026
[2026-03-06T22:55:51.491Z] OPTIONS /api/entries/214?periodo=2026
[2026-03-06T22:55:51.491Z] OPTIONS /api/entries/213?periodo=2026
[2026-03-06T22:55:51.491Z] OPTIONS /api/entries/210?periodo=2026
[2026-03-06T22:55:51.491Z] OPTIONS /api/entries/217?periodo=2026
[2026-03-06T22:55:51.491Z] OPTIONS /api/entries/215?periodo=2026
[2026-03-06T22:55:51.491Z] OPTIONS /api/entries/220?periodo=2026
[2026-03-06T22:55:51.492Z] OPTIONS /api/entries/216?periodo=2026
[2026-03-06T22:55:51.492Z] OPTIONS /api/entries/223?periodo=2026
[2026-03-06T22:55:51.492Z] OPTIONS /api/entries/222?periodo=2026
[2026-03-06T22:55:51.492Z] OPTIONS /api/entries/221?periodo=2026
[2026-03-06T22:55:51.492Z] OPTIONS /api/entries/218?periodo=2026
[2026-03-06T22:55:51.492Z] OPTIONS /api/entries/219?periodo=2026
[2026-03-06T22:55:51.493Z] OPTIONS /api/entries/225?periodo=2026
[2026-03-06T22:55:51.493Z] OPTIONS /api/entries/226?periodo=2026
[2026-03-06T22:55:51.493Z] OPTIONS /api/entries/228?periodo=2026
[2026-03-06T22:55:51.493Z] OPTIONS /api/entries/224?periodo=2026
[2026-03-06T22:55:51.493Z] OPTIONS /api/entries/233?periodo=2026
[2026-03-06T22:55:51.493Z] OPTIONS /api/entries/234?periodo=2026
[2026-03-06T22:55:51.493Z] OPTIONS /api/entries/235?periodo=2026
[2026-03-06T22:55:51.493Z] OPTIONS /api/entries/229?periodo=2026
[2026-03-06T22:55:51.493Z] OPTIONS /api/entries/230?periodo=2026
[2026-03-06T22:55:51.493Z] OPTIONS /api/entries/237?periodo=2026
[2026-03-06T22:55:51.493Z] OPTIONS /api/entries/238?periodo=2026
[2026-03-06T22:55:51.493Z] OPTIONS /api/entries/239?periodo=2026
[2026-03-06T22:55:51.493Z] OPTIONS /api/entries/236?periodo=2026
[2026-03-06T22:55:51.493Z] OPTIONS /api/entries/243?periodo=2026
[2026-03-06T22:55:51.493Z] OPTIONS /api/entries/240?periodo=2026
[2026-03-06T22:55:51.493Z] OPTIONS /api/entries/242?periodo=2026
[2026-03-06T22:55:51.494Z] OPTIONS /api/entries/244?periodo=2026
[2026-03-06T22:55:51.494Z] OPTIONS /api/entries/245?periodo=2026
[2026-03-06T22:55:51.494Z] OPTIONS /api/entries/246?periodo=2026
[2026-03-06T22:55:51.494Z] OPTIONS /api/entries/247?periodo=2026
[2026-03-06T22:55:51.494Z] OPTIONS /api/entries/249?periodo=2026
[2026-03-06T22:55:51.494Z] OPTIONS /api/entries/248?periodo=2026
[2026-03-06T22:55:51.494Z] OPTIONS /api/entries/250?periodo=2026
[2026-03-06T22:55:51.494Z] OPTIONS /api/entries/251?periodo=2026
[2026-03-06T22:55:51.494Z] OPTIONS /api/entries/252?periodo=2026
[2026-03-06T22:55:51.495Z] OPTIONS /api/entries/253?periodo=2026
[2026-03-06T22:55:51.495Z] OPTIONS /api/entries/255?periodo=2026
[2026-03-06T22:55:51.495Z] OPTIONS /api/entries/254?periodo=2026
[2026-03-06T22:55:51.495Z] OPTIONS /api/entries/257?periodo=2026
[2026-03-06T22:55:51.495Z] OPTIONS /api/entries/258?periodo=2026
[2026-03-06T22:55:51.495Z] OPTIONS /api/entries/259?periodo=2026
[2026-03-06T22:55:51.495Z] OPTIONS /api/entries/261?periodo=2026
[2026-03-06T22:55:51.495Z] GET /api/entries/2?periodo=2026
[2026-03-06T22:55:51.496Z] GET /api/entries/3?periodo=2026
[2026-03-06T22:55:51.496Z] OPTIONS /api/entries/260?periodo=2026
[2026-03-06T22:55:51.496Z] OPTIONS /api/entries/262?periodo=2026
[2026-03-06T22:55:51.496Z] OPTIONS /api/entries/263?periodo=2026
[2026-03-06T22:55:51.496Z] OPTIONS /api/entries/264?periodo=2026
[2026-03-06T22:55:51.496Z] OPTIONS /api/entries/265?periodo=2026
[2026-03-06T22:55:51.496Z] GET /api/entries/4?periodo=2026
[2026-03-06T22:55:51.497Z] GET /api/entries/5?periodo=2026
[2026-03-06T22:55:51.497Z] GET /api/entries/6?periodo=2026
[2026-03-06T22:55:51.498Z] OPTIONS /api/entries/266?periodo=2026
[2026-03-06T22:55:51.498Z] OPTIONS /api/entries/267?periodo=2026
[2026-03-06T22:55:51.498Z] OPTIONS /api/entries/268?periodo=2026
[2026-03-06T22:55:51.499Z] OPTIONS /api/entries/269?periodo=2026
[2026-03-06T22:55:51.499Z] OPTIONS /api/entries/270?periodo=2026
[2026-03-06T22:55:51.500Z] OPTIONS /api/entries/272?periodo=2026
[2026-03-06T22:55:51.500Z] OPTIONS /api/entries/271?periodo=2026
[2026-03-06T22:55:51.500Z] OPTIONS /api/entries/274?periodo=2026
[2026-03-06T22:55:51.500Z] OPTIONS /api/entries/275?periodo=2026
[2026-03-06T22:55:51.500Z] OPTIONS /api/entries/273?periodo=2026
[2026-03-06T22:55:51.500Z] OPTIONS /api/entries/278?periodo=2026
[2026-03-06T22:55:51.500Z] OPTIONS /api/entries/279?periodo=2026
[2026-03-06T22:55:51.500Z] OPTIONS /api/entries/280?periodo=2026
[2026-03-06T22:55:51.500Z] OPTIONS /api/entries/277?periodo=2026
[2026-03-06T22:55:51.500Z] OPTIONS /api/entries/276?periodo=2026
[2026-03-06T22:55:51.500Z] OPTIONS /api/entries/281?periodo=2026
[2026-03-06T22:55:51.501Z] OPTIONS /api/entries/283?periodo=2026
[2026-03-06T22:55:51.501Z] OPTIONS /api/entries/282?periodo=2026
[2026-03-06T22:55:51.501Z] OPTIONS /api/entries/284?periodo=2026
[2026-03-06T22:55:51.501Z] OPTIONS /api/entries/285?periodo=2026
[2026-03-06T22:55:51.501Z] OPTIONS /api/entries/286?periodo=2026
[2026-03-06T22:55:51.501Z] GET /api/entries/315?periodo=2026
[2026-03-06T22:55:51.501Z] OPTIONS /api/entries/288?periodo=2026
[2026-03-06T22:55:51.502Z] OPTIONS /api/entries/289?periodo=2026
[2026-03-06T22:55:51.502Z] GET /api/entries/7?periodo=2026
[2026-03-06T22:55:51.502Z] GET /api/entries/8?periodo=2026
[2026-03-06T22:55:51.502Z] GET /api/entries/9?periodo=2026
[2026-03-06T22:55:51.503Z] GET /api/entries/10?periodo=2026
[2026-03-06T22:55:51.503Z] OPTIONS /api/entries/291?periodo=2026
[2026-03-06T22:55:51.503Z] OPTIONS /api/entries/290?periodo=2026
[2026-03-06T22:55:51.503Z] OPTIONS /api/entries/292?periodo=2026
[2026-03-06T22:55:51.503Z] OPTIONS /api/entries/293?periodo=2026
[2026-03-06T22:55:51.504Z] OPTIONS /api/entries/294?periodo=2026
[2026-03-06T22:55:51.504Z] OPTIONS /api/entries/295?periodo=2026
[2026-03-06T22:55:51.504Z] GET /api/entries/322?periodo=2026
[2026-03-06T22:55:51.504Z] GET /api/entries/11?periodo=2026
[2026-03-06T22:55:51.505Z] GET /api/entries/12?periodo=2026
[2026-03-06T22:55:51.505Z] GET /api/entries/325?periodo=2026
[2026-03-06T22:55:51.505Z] GET /api/entries/13?periodo=2026
[2026-03-06T22:55:51.506Z] OPTIONS /api/entries/296?periodo=2026
[2026-03-06T22:55:51.506Z] GET /api/entries/14?periodo=2026
[2026-03-06T22:55:51.507Z] GET /api/entries/15?periodo=2026
[2026-03-06T22:55:51.508Z] OPTIONS /api/entries/298?periodo=2026
[2026-03-06T22:55:51.508Z] GET /api/entries/16?periodo=2026
[2026-03-06T22:55:51.508Z] OPTIONS /api/entries/299?periodo=2026
[2026-03-06T22:55:51.508Z] OPTIONS /api/entries/300?periodo=2026
[2026-03-06T22:55:51.508Z] GET /api/entries/17?periodo=2026
[2026-03-06T22:55:51.509Z] OPTIONS /api/entries/297?periodo=2026
[2026-03-06T22:55:51.509Z] GET /api/entries/18?periodo=2026
[2026-03-06T22:55:51.509Z] GET /api/entries/19?periodo=2026
[2026-03-06T22:55:51.510Z] OPTIONS /api/entries/301?periodo=2026
[2026-03-06T22:55:51.510Z] GET /api/entries/21?periodo=2026
[2026-03-06T22:55:51.510Z] OPTIONS /api/entries/306?periodo=2026
[2026-03-06T22:55:51.510Z] OPTIONS /api/entries/302?periodo=2026
[2026-03-06T22:55:51.510Z] OPTIONS /api/entries/303?periodo=2026
[2026-03-06T22:55:51.511Z] OPTIONS /api/entries/304?periodo=2026
[2026-03-06T22:55:51.511Z] GET /api/entries/22?periodo=2026
[2026-03-06T22:55:51.511Z] OPTIONS /api/entries/305?periodo=2026
[2026-03-06T22:55:51.512Z] GET /api/entries/23?periodo=2026
[2026-03-06T22:55:51.512Z] OPTIONS /api/entries/307?periodo=2026
[2026-03-06T22:55:51.512Z] OPTIONS /api/entries/308?periodo=2026
[2026-03-06T22:55:51.513Z] OPTIONS /api/entries/309?periodo=2026
[2026-03-06T22:55:51.513Z] GET /api/entries/24?periodo=2026
[2026-03-06T22:55:51.513Z] GET /api/entries/25?periodo=2026
[2026-03-06T22:55:51.514Z] OPTIONS /api/entries/311?periodo=2026
[2026-03-06T22:55:51.514Z] GET /api/entries/26?periodo=2026
[2026-03-06T22:55:51.516Z] GET /api/entries/28?periodo=2026
[2026-03-06T22:55:51.516Z] OPTIONS /api/entries/312?periodo=2026
[2026-03-06T22:55:51.517Z] OPTIONS /api/entries/314?periodo=2026
[2026-03-06T22:55:51.517Z] OPTIONS /api/entries/316?periodo=2026
[2026-03-06T22:55:51.517Z] OPTIONS /api/entries/313?periodo=2026
[2026-03-06T22:55:51.517Z] OPTIONS /api/entries/318?periodo=2026
[2026-03-06T22:55:51.517Z] OPTIONS /api/entries/324?periodo=2026
[2026-03-06T22:55:51.517Z] OPTIONS /api/entries/317?periodo=2026
[2026-03-06T22:55:51.517Z] GET /api/entries/29?periodo=2026
[2026-03-06T22:55:51.517Z] GET /api/entries/30?periodo=2026
[2026-03-06T22:55:51.518Z] OPTIONS /api/entries/326?periodo=2026
[2026-03-06T22:55:51.518Z] OPTIONS /api/entries/328?periodo=2026
[2026-03-06T22:55:51.518Z] OPTIONS /api/entries/327?periodo=2026
[2026-03-06T22:55:51.518Z] GET /api/entries/347?periodo=2026
[2026-03-06T22:55:51.518Z] OPTIONS /api/entries/329?periodo=2026
[2026-03-06T22:55:51.518Z] GET /api/entries/349?periodo=2026
[2026-03-06T22:55:51.519Z] OPTIONS /api/entries/330?periodo=2026
[2026-03-06T22:55:51.519Z] OPTIONS /api/entries/331?periodo=2026
[2026-03-06T22:55:51.519Z] GET /api/entries/350?periodo=2026
[2026-03-06T22:55:51.520Z] OPTIONS /api/entries/332?periodo=2026
[2026-03-06T22:55:51.520Z] GET /api/entries/351?periodo=2026
[2026-03-06T22:55:51.520Z] OPTIONS /api/entries/335?periodo=2026
[2026-03-06T22:55:51.520Z] OPTIONS /api/entries/333?periodo=2026
[2026-03-06T22:55:51.520Z] OPTIONS /api/entries/334?periodo=2026
[2026-03-06T22:55:51.520Z] GET /api/entries/31?periodo=2026
[2026-03-06T22:55:51.521Z] GET /api/entries/353?periodo=2026
[2026-03-06T22:55:51.521Z] GET /api/entries/354?periodo=2026
[2026-03-06T22:55:51.521Z] GET /api/entries/356?periodo=2026
[2026-03-06T22:55:51.522Z] GET /api/entries/357?periodo=2026
[2026-03-06T22:55:51.522Z] GET /api/entries/358?periodo=2026
[2026-03-06T22:55:51.523Z] GET /api/entries/355?periodo=2026
[2026-03-06T22:55:51.524Z] OPTIONS /api/entries/336?periodo=2026
[2026-03-06T22:55:51.524Z] OPTIONS /api/entries/337?periodo=2026
[2026-03-06T22:55:51.524Z] OPTIONS /api/entries/341?periodo=2026
[2026-03-06T22:55:51.525Z] OPTIONS /api/entries/342?periodo=2026
[2026-03-06T22:55:51.525Z] OPTIONS /api/entries/348?periodo=2026
[2026-03-06T22:55:51.525Z] OPTIONS /api/entries/343?periodo=2026
[2026-03-06T22:55:51.525Z] OPTIONS /api/entries/344?periodo=2026
[2026-03-06T22:55:51.525Z] GET /api/entries/33?periodo=2026
[2026-03-06T22:55:51.525Z] GET /api/entries/360?periodo=2026
[2026-03-06T22:55:51.526Z] GET /api/entries/34?periodo=2026
[2026-03-06T22:55:51.526Z] GET /api/entries/32?periodo=2026
[2026-03-06T22:55:51.526Z] GET /api/entries/37?periodo=2026
[2026-03-06T22:55:51.527Z] OPTIONS /api/entries/352?periodo=2026
[2026-03-06T22:55:51.527Z] GET /api/entries/35?periodo=2026
[2026-03-06T22:55:51.528Z] GET /api/entries/36?periodo=2026
[2026-03-06T22:55:51.528Z] GET /api/entries/40?periodo=2026
[2026-03-06T22:55:51.528Z] GET /api/entries/39?periodo=2026
[2026-03-06T22:55:51.529Z] GET /api/entries/42?periodo=2026
[2026-03-06T22:55:51.529Z] GET /api/entries/43?periodo=2026
[2026-03-06T22:55:51.530Z] GET /api/entries/41?periodo=2026
[2026-03-06T22:55:51.530Z] GET /api/entries/45?periodo=2026
[2026-03-06T22:55:51.531Z] GET /api/entries/46?periodo=2026
[2026-03-06T22:55:51.531Z] GET /api/entries/47?periodo=2026
[2026-03-06T22:55:51.532Z] OPTIONS /api/entries/359?periodo=2026
[2026-03-06T22:55:51.532Z] GET /api/entries/48?periodo=2026
[2026-03-06T22:55:51.533Z] OPTIONS /api/entries/363?periodo=2026
[2026-03-06T22:55:51.533Z] OPTIONS /api/entries/361?periodo=2026
[2026-03-06T22:55:51.533Z] OPTIONS /api/entries/362?periodo=2026
[2026-03-06T22:55:51.533Z] OPTIONS /api/entries/364?periodo=2026
[2026-03-06T22:55:51.533Z] GET /api/entries/49?periodo=2026
[2026-03-06T22:55:51.534Z] OPTIONS /api/entries/367?periodo=2026
[2026-03-06T22:55:51.534Z] OPTIONS /api/entries/366?periodo=2026
[2026-03-06T22:55:51.534Z] OPTIONS /api/entries/365?periodo=2026
[2026-03-06T22:55:51.534Z] OPTIONS /api/entries/368?periodo=2026
[2026-03-06T22:55:51.534Z] OPTIONS /api/entries/369?periodo=2026
[2026-03-06T22:55:51.534Z] GET /api/entries/50?periodo=2026
[2026-03-06T22:55:51.535Z] OPTIONS /api/entries/371?periodo=2026
[2026-03-06T22:55:51.535Z] OPTIONS /api/entries/373?periodo=2026
[2026-03-06T22:55:51.535Z] OPTIONS /api/entries/372?periodo=2026
[2026-03-06T22:55:51.535Z] OPTIONS /api/entries/370?periodo=2026
[2026-03-06T22:55:51.535Z] GET /api/entries/377?periodo=2026
[2026-03-06T22:55:51.535Z] GET /api/entries/51?periodo=2026
[2026-03-06T22:55:51.536Z] OPTIONS /api/entries/375?periodo=2026
[2026-03-06T22:55:51.536Z] GET /api/entries/380?periodo=2026
[2026-03-06T22:55:51.536Z] OPTIONS /api/entries/374?periodo=2026
[2026-03-06T22:55:51.536Z] GET /api/entries/52?periodo=2026
[2026-03-06T22:55:51.536Z] GET /api/entries/381?periodo=2026
[2026-03-06T22:55:51.537Z] GET /api/entries/382?periodo=2026
[2026-03-06T22:55:51.537Z] OPTIONS /api/entries/376?periodo=2026
[2026-03-06T22:55:51.537Z] OPTIONS /api/entries/378?periodo=2026
[2026-03-06T22:55:51.537Z] GET /api/entries/387?periodo=2026
[2026-03-06T22:55:51.538Z] GET /api/entries/53?periodo=2026
[2026-03-06T22:55:51.538Z] OPTIONS /api/entries/379?periodo=2026
[2026-03-06T22:55:51.538Z] GET /api/entries/54?periodo=2026
[2026-03-06T22:55:51.538Z] GET /api/entries/56?periodo=2026
[2026-03-06T22:55:51.539Z] OPTIONS /api/entries/383?periodo=2026
[2026-03-06T22:55:51.539Z] OPTIONS /api/entries/385?periodo=2026
[2026-03-06T22:55:51.539Z] OPTIONS /api/entries/386?periodo=2026
[2026-03-06T22:55:51.539Z] GET /api/entries/58?periodo=2026
[2026-03-06T22:55:51.540Z] GET /api/entries/57?periodo=2026
[2026-03-06T22:55:51.541Z] GET /api/entries/59?periodo=2026
[2026-03-06T22:55:51.541Z] OPTIONS /api/entries/384?periodo=2026
[2026-03-06T22:55:51.542Z] GET /api/entries/60?periodo=2026
[2026-03-06T22:55:51.542Z] OPTIONS /api/entries/390?periodo=2026
[2026-03-06T22:55:51.542Z] OPTIONS /api/entries/388?periodo=2026
[2026-03-06T22:55:51.543Z] GET /api/entries/391?periodo=2026
[2026-03-06T22:55:51.544Z] OPTIONS /api/entries/389?periodo=2026
[2026-03-06T22:55:51.544Z] GET /api/entries/392?periodo=2026
[2026-03-06T22:55:51.545Z] GET /api/entries/61?periodo=2026
[2026-03-06T22:55:51.545Z] GET /api/entries/62?periodo=2026
[2026-03-06T22:55:51.545Z] OPTIONS /api/entries/394?periodo=2026
[2026-03-06T22:55:51.546Z] OPTIONS /api/entries/393?periodo=2026
[2026-03-06T22:55:51.546Z] GET /api/entries/63?periodo=2026
[2026-03-06T22:55:51.546Z] GET /api/entries/69?periodo=2026
[2026-03-06T22:55:51.546Z] GET /api/entries/395?periodo=2026
[2026-03-06T22:55:51.547Z] GET /api/entries/65?periodo=2026
[2026-03-06T22:55:51.549Z] GET /api/entries/66?periodo=2026
[2026-03-06T22:55:51.550Z] GET /api/entries/67?periodo=2026
[2026-03-06T22:55:51.550Z] GET /api/entries/70?periodo=2026
[2026-03-06T22:55:51.551Z] OPTIONS /api/entries/396?periodo=2026
[2026-03-06T22:55:51.551Z] OPTIONS /api/entries/398?periodo=2026
[2026-03-06T22:55:51.552Z] OPTIONS /api/entries/399?periodo=2026
[2026-03-06T22:55:51.552Z] GET /api/entries/71?periodo=2026
[2026-03-06T22:55:51.553Z] GET /api/entries/72?periodo=2026
[2026-03-06T22:55:51.554Z] OPTIONS /api/entries/397?periodo=2026
[2026-03-06T22:55:51.554Z] GET /api/entries/73?periodo=2026
[2026-03-06T22:55:51.555Z] GET /api/entries/75?periodo=2026
[2026-03-06T22:55:51.555Z] GET /api/entries/74?periodo=2026
[2026-03-06T22:55:51.556Z] OPTIONS /api/entries/400?periodo=2026
[2026-03-06T22:55:51.556Z] GET /api/entries/76?periodo=2026
[2026-03-06T22:55:51.556Z] GET /api/entries/79?periodo=2026
[2026-03-06T22:55:51.557Z] GET /api/entries/77?periodo=2026
[2026-03-06T22:55:51.558Z] GET /api/entries/78?periodo=2026
[2026-03-06T22:55:51.558Z] GET /api/entries/81?periodo=2026
[2026-03-06T22:55:51.559Z] OPTIONS /api/entries/401?periodo=2026
[2026-03-06T22:55:51.559Z] OPTIONS /api/entries/402?periodo=2026
[2026-03-06T22:55:51.559Z] OPTIONS /api/entries/403?periodo=2026
[2026-03-06T22:55:51.559Z] GET /api/entries/82?periodo=2026
[2026-03-06T22:55:51.560Z] GET /api/entries/83?periodo=2026
[2026-03-06T22:55:51.560Z] GET /api/entries/84?periodo=2026
[2026-03-06T22:55:51.561Z] OPTIONS /api/entries/404?periodo=2026
[2026-03-06T22:55:51.561Z] GET /api/entries/85?periodo=2026
[2026-03-06T22:55:51.561Z] GET /api/entries/87?periodo=2026
[2026-03-06T22:55:51.562Z] GET /api/entries/86?periodo=2026
[2026-03-06T22:55:51.562Z] GET /api/entries/89?periodo=2026
[2026-03-06T22:55:51.562Z] GET /api/entries/91?periodo=2026
[2026-03-06T22:55:51.563Z] OPTIONS /api/entries/406?periodo=2026
[2026-03-06T22:55:51.564Z] GET /api/entries/92?periodo=2026
[2026-03-06T22:55:51.564Z] OPTIONS /api/entries/405?periodo=2026
[2026-03-06T22:55:51.564Z] OPTIONS /api/entries/407?periodo=2026
[2026-03-06T22:55:51.565Z] GET /api/entries/93?periodo=2026
[2026-03-06T22:55:51.565Z] OPTIONS /api/entries/408?periodo=2026
[2026-03-06T22:55:51.566Z] GET /api/entries/96?periodo=2026
[2026-03-06T22:55:51.566Z] GET /api/entries/97?periodo=2026
[2026-03-06T22:55:51.567Z] GET /api/entries/95?periodo=2026
[2026-03-06T22:55:51.567Z] OPTIONS /api/entries/409?periodo=2026
[2026-03-06T22:55:51.567Z] GET /api/entries/98?periodo=2026
[2026-03-06T22:55:51.568Z] GET /api/entries/99?periodo=2026
[2026-03-06T22:55:51.568Z] GET /api/entries/100?periodo=2026
[2026-03-06T22:55:51.569Z] OPTIONS /api/entries/410?periodo=2026
[2026-03-06T22:55:51.569Z] OPTIONS /api/entries/411?periodo=2026
[2026-03-06T22:55:51.569Z] GET /api/entries/101?periodo=2026
[2026-03-06T22:55:51.569Z] GET /api/entries/103?periodo=2026
[2026-03-06T22:55:51.569Z] GET /api/entries/104?periodo=2026
[2026-03-06T22:55:51.570Z] OPTIONS /api/entries/413?periodo=2026
[2026-03-06T22:55:51.570Z] GET /api/entries/102?periodo=2026
[2026-03-06T22:55:51.570Z] GET /api/entries/107?periodo=2026
[2026-03-06T22:55:51.571Z] GET /api/entries/108?periodo=2026
[2026-03-06T22:55:51.571Z] GET /api/entries/110?periodo=2026
[2026-03-06T22:55:51.571Z] GET /api/entries/111?periodo=2026
[2026-03-06T22:55:51.572Z] GET /api/entries/112?periodo=2026
[2026-03-06T22:55:51.572Z] GET /api/entries/113?periodo=2026
[2026-03-06T22:55:51.573Z] OPTIONS /api/entries/412?periodo=2026
[2026-03-06T22:55:51.574Z] GET /api/entries/114?periodo=2026
[2026-03-06T22:55:51.574Z] GET /api/entries/119?periodo=2026
[2026-03-06T22:55:51.574Z] OPTIONS /api/entries/415?periodo=2026
[2026-03-06T22:55:51.574Z] GET /api/entries/116?periodo=2026
[2026-03-06T22:55:51.575Z] GET /api/entries/121?periodo=2026
[2026-03-06T22:55:51.575Z] OPTIONS /api/entries/414?periodo=2026
[2026-03-06T22:55:51.575Z] OPTIONS /api/entries/417?periodo=2026
[2026-03-06T22:55:51.575Z] GET /api/entries/122?periodo=2026
[2026-03-06T22:55:51.576Z] OPTIONS /api/entries/416?periodo=2026
[2026-03-06T22:55:51.576Z] GET /api/entries/115?periodo=2026
[2026-03-06T22:55:51.577Z] GET /api/entries/117?periodo=2026
[2026-03-06T22:55:51.577Z] GET /api/entries/118?periodo=2026
[2026-03-06T22:55:51.577Z] GET /api/entries/123?periodo=2026
[2026-03-06T22:55:51.578Z] GET /api/entries/120?periodo=2026
[2026-03-06T22:55:51.579Z] GET /api/entries/124?periodo=2026
[2026-03-06T22:55:51.579Z] GET /api/entries/125?periodo=2026
[2026-03-06T22:55:51.582Z] GET /api/entries/129?periodo=2026
[2026-03-06T22:55:51.583Z] GET /api/entries/127?periodo=2026
[2026-03-06T22:55:51.583Z] GET /api/entries/130?periodo=2026
[2026-03-06T22:55:51.584Z] GET /api/entries/128?periodo=2026
[2026-03-06T22:55:51.584Z] GET /api/entries/126?periodo=2026
[2026-03-06T22:55:51.584Z] GET /api/entries/132?periodo=2026
[2026-03-06T22:55:51.585Z] GET /api/entries/133?periodo=2026
[2026-03-06T22:55:51.585Z] GET /api/entries/134?periodo=2026
[2026-03-06T22:55:51.586Z] GET /api/entries/135?periodo=2026
[2026-03-06T22:55:51.587Z] GET /api/entries/131?periodo=2026
[2026-03-06T22:55:51.587Z] GET /api/entries/140?periodo=2026
[2026-03-06T22:55:51.588Z] GET /api/entries/139?periodo=2026
[2026-03-06T22:55:51.589Z] GET /api/entries/138?periodo=2026
[2026-03-06T22:55:51.590Z] GET /api/entries/137?periodo=2026
[2026-03-06T22:55:51.591Z] GET /api/entries/136?periodo=2026
[2026-03-06T22:55:51.591Z] GET /api/entries/141?periodo=2026
[2026-03-06T22:55:51.592Z] GET /api/entries/142?periodo=2026
[2026-03-06T22:55:51.593Z] GET /api/entries/143?periodo=2026
[2026-03-06T22:55:51.593Z] GET /api/entries/148?periodo=2026
[2026-03-06T22:55:51.594Z] GET /api/entries/144?periodo=2026
[2026-03-06T22:55:51.594Z] GET /api/entries/145?periodo=2026
[2026-03-06T22:55:51.595Z] GET /api/entries/146?periodo=2026
[2026-03-06T22:55:51.595Z] GET /api/entries/147?periodo=2026
[2026-03-06T22:55:51.595Z] GET /api/entries/150?periodo=2026
[2026-03-06T22:55:51.596Z] GET /api/entries/151?periodo=2026
[2026-03-06T22:55:51.597Z] GET /api/entries/154?periodo=2026
[2026-03-06T22:55:51.598Z] GET /api/entries/149?periodo=2026
[2026-03-06T22:55:51.598Z] GET /api/entries/153?periodo=2026
[2026-03-06T22:55:51.600Z] GET /api/entries/156?periodo=2026
[2026-03-06T22:55:51.600Z] GET /api/entries/155?periodo=2026
[2026-03-06T22:55:51.601Z] GET /api/entries/159?periodo=2026
[2026-03-06T22:55:51.601Z] GET /api/entries/158?periodo=2026
[2026-03-06T22:55:51.602Z] GET /api/entries/160?periodo=2026
[2026-03-06T22:55:51.602Z] GET /api/entries/152?periodo=2026
[2026-03-06T22:55:51.603Z] GET /api/entries/162?periodo=2026
[2026-03-06T22:55:51.603Z] GET /api/entries/161?periodo=2026
[2026-03-06T22:55:51.603Z] GET /api/entries/163?periodo=2026
[2026-03-06T22:55:51.604Z] GET /api/entries/164?periodo=2026
[2026-03-06T22:55:51.604Z] GET /api/entries/166?periodo=2026
[2026-03-06T22:55:51.605Z] GET /api/entries/167?periodo=2026
[2026-03-06T22:55:51.605Z] GET /api/entries/168?periodo=2026
[2026-03-06T22:55:51.605Z] GET /api/entries/169?periodo=2026
[2026-03-06T22:55:51.606Z] GET /api/entries/170?periodo=2026
[2026-03-06T22:55:51.607Z] GET /api/entries/171?periodo=2026
[2026-03-06T22:55:51.608Z] GET /api/entries/172?periodo=2026
[2026-03-06T22:55:51.608Z] GET /api/entries/173?periodo=2026
[2026-03-06T22:55:51.609Z] GET /api/entries/175?periodo=2026
[2026-03-06T22:55:51.609Z] GET /api/entries/174?periodo=2026
[2026-03-06T22:55:51.611Z] GET /api/entries/176?periodo=2026
[2026-03-06T22:55:51.612Z] GET /api/entries/178?periodo=2026
[2026-03-06T22:55:51.612Z] GET /api/entries/179?periodo=2026
[2026-03-06T22:55:51.612Z] GET /api/entries/183?periodo=2026
[2026-03-06T22:55:51.613Z] GET /api/entries/177?periodo=2026
[2026-03-06T22:55:51.614Z] GET /api/entries/182?periodo=2026
[2026-03-06T22:55:51.614Z] GET /api/entries/180?periodo=2026
[2026-03-06T22:55:51.614Z] GET /api/entries/181?periodo=2026
[2026-03-06T22:55:51.615Z] GET /api/entries/187?periodo=2026
[2026-03-06T22:55:51.615Z] GET /api/entries/184?periodo=2026
[2026-03-06T22:55:51.617Z] GET /api/entries/188?periodo=2026
[2026-03-06T22:55:51.617Z] GET /api/entries/185?periodo=2026
[2026-03-06T22:55:51.617Z] GET /api/entries/186?periodo=2026
[2026-03-06T22:55:51.618Z] GET /api/entries/190?periodo=2026
[2026-03-06T22:55:51.618Z] GET /api/entries/191?periodo=2026
[2026-03-06T22:55:51.618Z] GET /api/entries/192?periodo=2026
[2026-03-06T22:55:51.619Z] GET /api/entries/189?periodo=2026
[2026-03-06T22:55:51.620Z] GET /api/entries/193?periodo=2026
[2026-03-06T22:55:51.620Z] GET /api/entries/196?periodo=2026
[2026-03-06T22:55:51.620Z] GET /api/entries/194?periodo=2026
[2026-03-06T22:55:51.621Z] GET /api/entries/198?periodo=2026
[2026-03-06T22:55:51.621Z] GET /api/entries/197?periodo=2026
[2026-03-06T22:55:51.622Z] GET /api/entries/195?periodo=2026
[2026-03-06T22:55:51.622Z] GET /api/entries/199?periodo=2026
[2026-03-06T22:55:51.622Z] GET /api/entries/200?periodo=2026
[2026-03-06T22:55:51.623Z] GET /api/entries/201?periodo=2026
[2026-03-06T22:55:51.624Z] GET /api/entries/202?periodo=2026
[2026-03-06T22:55:51.625Z] GET /api/entries/203?periodo=2026
[2026-03-06T22:55:51.625Z] GET /api/entries/204?periodo=2026
[2026-03-06T22:55:51.625Z] GET /api/entries/208?periodo=2026
[2026-03-06T22:55:51.626Z] GET /api/entries/209?periodo=2026
[2026-03-06T22:55:51.626Z] GET /api/entries/205?periodo=2026
[2026-03-06T22:55:51.626Z] GET /api/entries/206?periodo=2026
[2026-03-06T22:55:51.627Z] GET /api/entries/207?periodo=2026
[2026-03-06T22:55:51.627Z] GET /api/entries/212?periodo=2026
[2026-03-06T22:55:51.628Z] GET /api/entries/211?periodo=2026
[2026-03-06T22:55:51.628Z] GET /api/entries/214?periodo=2026
[2026-03-06T22:55:51.629Z] GET /api/entries/213?periodo=2026
[2026-03-06T22:55:51.629Z] GET /api/entries/210?periodo=2026
[2026-03-06T22:55:51.630Z] GET /api/entries/217?periodo=2026
[2026-03-06T22:55:51.630Z] GET /api/entries/215?periodo=2026
[2026-03-06T22:55:51.630Z] GET /api/entries/220?periodo=2026
[2026-03-06T22:55:51.631Z] GET /api/entries/216?periodo=2026
[2026-03-06T22:55:51.632Z] GET /api/entries/223?periodo=2026
[2026-03-06T22:55:51.632Z] GET /api/entries/222?periodo=2026
[2026-03-06T22:55:51.633Z] GET /api/entries/221?periodo=2026
[2026-03-06T22:55:51.633Z] GET /api/entries/218?periodo=2026
[2026-03-06T22:55:51.634Z] GET /api/entries/219?periodo=2026
[2026-03-06T22:55:51.634Z] GET /api/entries/225?periodo=2026
[2026-03-06T22:55:51.635Z] GET /api/entries/226?periodo=2026
[2026-03-06T22:55:51.635Z] GET /api/entries/228?periodo=2026
[2026-03-06T22:55:51.635Z] GET /api/entries/224?periodo=2026
[2026-03-06T22:55:51.636Z] GET /api/entries/233?periodo=2026
[2026-03-06T22:55:51.636Z] GET /api/entries/234?periodo=2026
[2026-03-06T22:55:51.636Z] GET /api/entries/235?periodo=2026
[2026-03-06T22:55:51.637Z] GET /api/entries/229?periodo=2026
[2026-03-06T22:55:51.637Z] GET /api/entries/230?periodo=2026
[2026-03-06T22:55:51.637Z] GET /api/entries/237?periodo=2026
[2026-03-06T22:55:51.638Z] GET /api/entries/238?periodo=2026
[2026-03-06T22:55:51.638Z] GET /api/entries/239?periodo=2026
[2026-03-06T22:55:51.639Z] GET /api/entries/236?periodo=2026
[2026-03-06T22:55:51.639Z] GET /api/entries/243?periodo=2026
[2026-03-06T22:55:51.639Z] GET /api/entries/240?periodo=2026
[2026-03-06T22:55:51.640Z] GET /api/entries/244?periodo=2026
[2026-03-06T22:55:51.640Z] GET /api/entries/242?periodo=2026
[2026-03-06T22:55:51.641Z] GET /api/entries/247?periodo=2026
[2026-03-06T22:55:51.642Z] GET /api/entries/245?periodo=2026
[2026-03-06T22:55:51.642Z] GET /api/entries/246?periodo=2026
[2026-03-06T22:55:51.643Z] GET /api/entries/249?periodo=2026
[2026-03-06T22:55:51.643Z] GET /api/entries/248?periodo=2026
[2026-03-06T22:55:51.643Z] GET /api/entries/250?periodo=2026
[2026-03-06T22:55:51.644Z] GET /api/entries/251?periodo=2026
[2026-03-06T22:55:51.644Z] GET /api/entries/252?periodo=2026
[2026-03-06T22:55:51.645Z] GET /api/entries/255?periodo=2026
[2026-03-06T22:55:51.645Z] GET /api/entries/253?periodo=2026
[2026-03-06T22:55:51.645Z] GET /api/entries/258?periodo=2026
[2026-03-06T22:55:51.646Z] GET /api/entries/254?periodo=2026
[2026-03-06T22:55:51.647Z] GET /api/entries/257?periodo=2026
[2026-03-06T22:55:51.647Z] GET /api/entries/259?periodo=2026
[2026-03-06T22:55:51.648Z] GET /api/entries/261?periodo=2026
[2026-03-06T22:55:51.648Z] GET /api/entries/260?periodo=2026
[2026-03-06T22:55:51.648Z] GET /api/entries/262?periodo=2026
[2026-03-06T22:55:51.649Z] GET /api/entries/263?periodo=2026
[2026-03-06T22:55:51.650Z] GET /api/entries/264?periodo=2026
[2026-03-06T22:55:51.650Z] GET /api/entries/265?periodo=2026
[2026-03-06T22:55:51.651Z] GET /api/entries/266?periodo=2026
[2026-03-06T22:55:51.651Z] GET /api/entries/267?periodo=2026
[2026-03-06T22:55:51.651Z] GET /api/entries/268?periodo=2026
[2026-03-06T22:55:51.652Z] GET /api/entries/269?periodo=2026
[2026-03-06T22:55:51.652Z] GET /api/entries/270?periodo=2026
[2026-03-06T22:55:51.653Z] GET /api/entries/272?periodo=2026
[2026-03-06T22:55:51.653Z] GET /api/entries/271?periodo=2026
[2026-03-06T22:55:51.653Z] GET /api/entries/274?periodo=2026
[2026-03-06T22:55:51.654Z] GET /api/entries/275?periodo=2026
[2026-03-06T22:55:51.654Z] GET /api/entries/273?periodo=2026
[2026-03-06T22:55:51.654Z] GET /api/entries/278?periodo=2026
[2026-03-06T22:55:51.655Z] GET /api/entries/279?periodo=2026
[2026-03-06T22:55:51.655Z] GET /api/entries/280?periodo=2026
[2026-03-06T22:55:51.656Z] GET /api/entries/277?periodo=2026
[2026-03-06T22:55:51.656Z] GET /api/entries/276?periodo=2026
[2026-03-06T22:55:51.656Z] GET /api/entries/281?periodo=2026
[2026-03-06T22:55:51.657Z] GET /api/entries/283?periodo=2026
[2026-03-06T22:55:51.658Z] GET /api/entries/284?periodo=2026
[2026-03-06T22:55:51.658Z] GET /api/entries/282?periodo=2026
[2026-03-06T22:55:51.659Z] GET /api/entries/285?periodo=2026
[2026-03-06T22:55:51.659Z] GET /api/entries/286?periodo=2026
[2026-03-06T22:55:51.659Z] GET /api/entries/288?periodo=2026
[2026-03-06T22:55:51.660Z] GET /api/entries/289?periodo=2026
[2026-03-06T22:55:51.661Z] GET /api/entries/291?periodo=2026
[2026-03-06T22:55:51.661Z] GET /api/entries/290?periodo=2026
[2026-03-06T22:55:51.662Z] GET /api/entries/292?periodo=2026
[2026-03-06T22:55:51.662Z] GET /api/entries/293?periodo=2026
[2026-03-06T22:55:51.662Z] GET /api/entries/294?periodo=2026
[2026-03-06T22:55:51.663Z] GET /api/entries/295?periodo=2026
[2026-03-06T22:55:51.663Z] GET /api/entries/296?periodo=2026
[2026-03-06T22:55:51.664Z] GET /api/entries/298?periodo=2026
[2026-03-06T22:55:51.665Z] GET /api/entries/299?periodo=2026
[2026-03-06T22:55:51.665Z] GET /api/entries/300?periodo=2026
[2026-03-06T22:55:51.665Z] GET /api/entries/297?periodo=2026
[2026-03-06T22:55:51.666Z] GET /api/entries/301?periodo=2026
[2026-03-06T22:55:51.666Z] GET /api/entries/306?periodo=2026
[2026-03-06T22:55:51.668Z] GET /api/entries/302?periodo=2026
[2026-03-06T22:55:51.668Z] GET /api/entries/303?periodo=2026
[2026-03-06T22:55:51.668Z] GET /api/entries/304?periodo=2026
[2026-03-06T22:55:51.669Z] GET /api/entries/305?periodo=2026
[2026-03-06T22:55:51.669Z] GET /api/entries/307?periodo=2026
[2026-03-06T22:55:51.669Z] GET /api/entries/308?periodo=2026
[2026-03-06T22:55:51.670Z] GET /api/entries/309?periodo=2026
[2026-03-06T22:55:51.671Z] GET /api/entries/311?periodo=2026
[2026-03-06T22:55:51.671Z] GET /api/entries/312?periodo=2026
[2026-03-06T22:55:51.671Z] GET /api/entries/314?periodo=2026
[2026-03-06T22:55:51.672Z] GET /api/entries/316?periodo=2026
[2026-03-06T22:55:51.672Z] GET /api/entries/313?periodo=2026
[2026-03-06T22:55:51.672Z] GET /api/entries/318?periodo=2026
[2026-03-06T22:55:51.674Z] GET /api/entries/324?periodo=2026
[2026-03-06T22:55:51.675Z] GET /api/entries/317?periodo=2026
[2026-03-06T22:55:51.675Z] GET /api/entries/326?periodo=2026
[2026-03-06T22:55:51.676Z] GET /api/entries/328?periodo=2026
[2026-03-06T22:55:51.676Z] GET /api/entries/327?periodo=2026
[2026-03-06T22:55:51.676Z] GET /api/entries/329?periodo=2026
[2026-03-06T22:55:51.677Z] GET /api/entries/330?periodo=2026
[2026-03-06T22:55:51.677Z] GET /api/entries/331?periodo=2026
[2026-03-06T22:55:51.678Z] GET /api/entries/332?periodo=2026
[2026-03-06T22:55:51.678Z] GET /api/entries/335?periodo=2026
[2026-03-06T22:55:51.678Z] GET /api/entries/333?periodo=2026
[2026-03-06T22:55:51.679Z] GET /api/entries/334?periodo=2026
[2026-03-06T22:55:51.679Z] GET /api/entries/336?periodo=2026
[2026-03-06T22:55:51.679Z] GET /api/entries/337?periodo=2026
[2026-03-06T22:55:51.680Z] GET /api/entries/341?periodo=2026
[2026-03-06T22:55:51.680Z] GET /api/entries/342?periodo=2026
[2026-03-06T22:55:51.681Z] GET /api/entries/348?periodo=2026
[2026-03-06T22:55:51.681Z] GET /api/entries/343?periodo=2026
[2026-03-06T22:55:51.682Z] GET /api/entries/344?periodo=2026
[2026-03-06T22:55:51.682Z] GET /api/entries/352?periodo=2026
[2026-03-06T22:55:51.682Z] GET /api/entries/359?periodo=2026
[2026-03-06T22:55:51.683Z] GET /api/entries/363?periodo=2026
[2026-03-06T22:55:51.684Z] GET /api/entries/361?periodo=2026
[2026-03-06T22:55:51.684Z] GET /api/entries/362?periodo=2026
[2026-03-06T22:55:51.685Z] GET /api/entries/364?periodo=2026
[2026-03-06T22:55:51.685Z] GET /api/entries/367?periodo=2026
[2026-03-06T22:55:51.685Z] GET /api/entries/366?periodo=2026
[2026-03-06T22:55:51.686Z] GET /api/entries/365?periodo=2026
[2026-03-06T22:55:51.686Z] GET /api/entries/368?periodo=2026
[2026-03-06T22:55:51.687Z] GET /api/entries/369?periodo=2026
[2026-03-06T22:55:51.687Z] GET /api/entries/371?periodo=2026
[2026-03-06T22:55:51.688Z] GET /api/entries/373?periodo=2026
[2026-03-06T22:55:51.688Z] GET /api/entries/372?periodo=2026
[2026-03-06T22:55:51.688Z] GET /api/entries/370?periodo=2026
[2026-03-06T22:55:51.689Z] GET /api/entries/375?periodo=2026
[2026-03-06T22:55:51.689Z] GET /api/entries/374?periodo=2026
[2026-03-06T22:55:51.690Z] GET /api/entries/376?periodo=2026
[2026-03-06T22:55:51.690Z] GET /api/entries/378?periodo=2026
[2026-03-06T22:55:51.691Z] GET /api/entries/379?periodo=2026
[2026-03-06T22:55:51.692Z] GET /api/entries/383?periodo=2026
[2026-03-06T22:55:51.692Z] GET /api/entries/385?periodo=2026
[2026-03-06T22:55:51.693Z] GET /api/entries/386?periodo=2026
[2026-03-06T22:55:51.693Z] GET /api/entries/384?periodo=2026
[2026-03-06T22:55:51.694Z] GET /api/entries/390?periodo=2026
[2026-03-06T22:55:51.694Z] GET /api/entries/388?periodo=2026
[2026-03-06T22:55:51.694Z] GET /api/entries/389?periodo=2026
[2026-03-06T22:55:51.695Z] GET /api/entries/394?periodo=2026
[2026-03-06T22:55:51.695Z] GET /api/entries/393?periodo=2026
[2026-03-06T22:55:51.695Z] GET /api/entries/396?periodo=2026
[2026-03-06T22:55:51.696Z] GET /api/entries/398?periodo=2026
[2026-03-06T22:55:51.696Z] GET /api/entries/399?periodo=2026
[2026-03-06T22:55:51.697Z] GET /api/entries/397?periodo=2026
[2026-03-06T22:55:51.697Z] GET /api/entries/400?periodo=2026
[2026-03-06T22:55:51.697Z] GET /api/entries/401?periodo=2026
[2026-03-06T22:55:51.698Z] GET /api/entries/402?periodo=2026
[2026-03-06T22:55:51.700Z] GET /api/entries/403?periodo=2026
[2026-03-06T22:55:51.700Z] GET /api/entries/404?periodo=2026
[2026-03-06T22:55:51.701Z] GET /api/entries/406?periodo=2026
[2026-03-06T22:55:51.701Z] GET /api/entries/405?periodo=2026
[2026-03-06T22:55:51.701Z] GET /api/entries/407?periodo=2026
[2026-03-06T22:55:51.702Z] GET /api/entries/408?periodo=2026
[2026-03-06T22:55:51.703Z] GET /api/entries/409?periodo=2026
[2026-03-06T22:55:51.703Z] GET /api/entries/410?periodo=2026
[2026-03-06T22:55:51.703Z] GET /api/entries/411?periodo=2026
[2026-03-06T22:55:51.704Z] GET /api/entries/413?periodo=2026
[2026-03-06T22:55:51.704Z] GET /api/entries/412?periodo=2026
[2026-03-06T22:55:51.704Z] GET /api/entries/415?periodo=2026
[2026-03-06T22:55:51.705Z] GET /api/entries/414?periodo=2026
[2026-03-06T22:55:51.705Z] GET /api/entries/417?periodo=2026
[2026-03-06T22:55:51.705Z] GET /api/entries/416?periodo=2026
[2026-03-06T22:55:54.436Z] OPTIONS /api/dependencies
[2026-03-06T22:55:54.437Z] OPTIONS /api/dependencies
[2026-03-06T22:55:54.437Z] GET /api/dependencies
[2026-03-06T22:55:54.438Z] GET /api/dependencies
